Archive member included to satisfy reference by file (symbol)

c:/intelfpga_lite/18.0/nios2eds/bin/gnu/h-x86_64-mingw32/bin/../lib/gcc/nios2-elf/5.3.0/mno-hw-mul\libgcc.a(_muldi3.o)
                              obj/default/main.o (__muldi3)
c:/intelfpga_lite/18.0/nios2eds/bin/gnu/h-x86_64-mingw32/bin/../lib/gcc/nios2-elf/5.3.0/mno-hw-mul\libgcc.a(lib2-mul.o)
                              obj/default/driver_ov2640_interface_template.o (__mulsi3)
c:/intelfpga_lite/18.0/nios2eds/bin/gnu/h-x86_64-mingw32/bin/../lib/gcc/nios2-elf/5.3.0/../../../../../H-x86_64-mingw32/nios2-elf/lib/mno-hw-mul\libc.a(lib_a-fflush.o)
                              obj/default/driver_ov2640_interface_template.o (fflush)
c:/intelfpga_lite/18.0/nios2eds/bin/gnu/h-x86_64-mingw32/bin/../lib/gcc/nios2-elf/5.3.0/../../../../../H-x86_64-mingw32/nios2-elf/lib/mno-hw-mul\libc.a(lib_a-findfp.o)
                              c:/intelfpga_lite/18.0/nios2eds/bin/gnu/h-x86_64-mingw32/bin/../lib/gcc/nios2-elf/5.3.0/../../../../../H-x86_64-mingw32/nios2-elf/lib/mno-hw-mul\libc.a(lib_a-fflush.o) (__sinit)
c:/intelfpga_lite/18.0/nios2eds/bin/gnu/h-x86_64-mingw32/bin/../lib/gcc/nios2-elf/5.3.0/../../../../../H-x86_64-mingw32/nios2-elf/lib/mno-hw-mul\libc.a(lib_a-freer.o)
                              c:/intelfpga_lite/18.0/nios2eds/bin/gnu/h-x86_64-mingw32/bin/../lib/gcc/nios2-elf/5.3.0/../../../../../H-x86_64-mingw32/nios2-elf/lib/mno-hw-mul\libc.a(lib_a-fflush.o) (_free_r)
c:/intelfpga_lite/18.0/nios2eds/bin/gnu/h-x86_64-mingw32/bin/../lib/gcc/nios2-elf/5.3.0/../../../../../H-x86_64-mingw32/nios2-elf/lib/mno-hw-mul\libc.a(lib_a-fwalk.o)
                              c:/intelfpga_lite/18.0/nios2eds/bin/gnu/h-x86_64-mingw32/bin/../lib/gcc/nios2-elf/5.3.0/../../../../../H-x86_64-mingw32/nios2-elf/lib/mno-hw-mul\libc.a(lib_a-findfp.o) (_fwalk)
c:/intelfpga_lite/18.0/nios2eds/bin/gnu/h-x86_64-mingw32/bin/../lib/gcc/nios2-elf/5.3.0/../../../../../H-x86_64-mingw32/nios2-elf/lib/mno-hw-mul\libc.a(lib_a-impure.o)
                              c:/intelfpga_lite/18.0/nios2eds/bin/gnu/h-x86_64-mingw32/bin/../lib/gcc/nios2-elf/5.3.0/../../../../../H-x86_64-mingw32/nios2-elf/lib/mno-hw-mul\libc.a(lib_a-fflush.o) (_global_impure_ptr)
c:/intelfpga_lite/18.0/nios2eds/bin/gnu/h-x86_64-mingw32/bin/../lib/gcc/nios2-elf/5.3.0/../../../../../H-x86_64-mingw32/nios2-elf/lib/mno-hw-mul\libc.a(lib_a-mallocr.o)
                              c:/intelfpga_lite/18.0/nios2eds/bin/gnu/h-x86_64-mingw32/bin/../lib/gcc/nios2-elf/5.3.0/../../../../../H-x86_64-mingw32/nios2-elf/lib/mno-hw-mul\libc.a(lib_a-findfp.o) (_malloc_r)
c:/intelfpga_lite/18.0/nios2eds/bin/gnu/h-x86_64-mingw32/bin/../lib/gcc/nios2-elf/5.3.0/../../../../../H-x86_64-mingw32/nios2-elf/lib/mno-hw-mul\libc.a(lib_a-memset.o)
                              obj/default/driver_ov2640.o (memset)
c:/intelfpga_lite/18.0/nios2eds/bin/gnu/h-x86_64-mingw32/bin/../lib/gcc/nios2-elf/5.3.0/../../../../../H-x86_64-mingw32/nios2-elf/lib/mno-hw-mul\libc.a(lib_a-sbrkr.o)
                              c:/intelfpga_lite/18.0/nios2eds/bin/gnu/h-x86_64-mingw32/bin/../lib/gcc/nios2-elf/5.3.0/../../../../../H-x86_64-mingw32/nios2-elf/lib/mno-hw-mul\libc.a(lib_a-freer.o) (_sbrk_r)
c:/intelfpga_lite/18.0/nios2eds/bin/gnu/h-x86_64-mingw32/bin/../lib/gcc/nios2-elf/5.3.0/../../../../../H-x86_64-mingw32/nios2-elf/lib/mno-hw-mul\libc.a(lib_a-stdio.o)
                              c:/intelfpga_lite/18.0/nios2eds/bin/gnu/h-x86_64-mingw32/bin/../lib/gcc/nios2-elf/5.3.0/../../../../../H-x86_64-mingw32/nios2-elf/lib/mno-hw-mul\libc.a(lib_a-findfp.o) (__sread)
c:/intelfpga_lite/18.0/nios2eds/bin/gnu/h-x86_64-mingw32/bin/../lib/gcc/nios2-elf/5.3.0/../../../../../H-x86_64-mingw32/nios2-elf/lib/mno-hw-mul\libc.a(lib_a-strncpy.o)
                              obj/default/driver_ov2640.o (strncpy)
c:/intelfpga_lite/18.0/nios2eds/bin/gnu/h-x86_64-mingw32/bin/../lib/gcc/nios2-elf/5.3.0/../../../../../H-x86_64-mingw32/nios2-elf/lib/mno-hw-mul\libc.a(lib_a-vprintf.o)
                              obj/default/driver_ov2640_interface_template.o (vprintf)
c:/intelfpga_lite/18.0/nios2eds/bin/gnu/h-x86_64-mingw32/bin/../lib/gcc/nios2-elf/5.3.0/../../../../../H-x86_64-mingw32/nios2-elf/lib/mno-hw-mul\libc.a(lib_a-writer.o)
                              c:/intelfpga_lite/18.0/nios2eds/bin/gnu/h-x86_64-mingw32/bin/../lib/gcc/nios2-elf/5.3.0/../../../../../H-x86_64-mingw32/nios2-elf/lib/mno-hw-mul\libc.a(lib_a-stdio.o) (_write_r)
c:/intelfpga_lite/18.0/nios2eds/bin/gnu/h-x86_64-mingw32/bin/../lib/gcc/nios2-elf/5.3.0/../../../../../H-x86_64-mingw32/nios2-elf/lib/mno-hw-mul\libc.a(closer.o)
                              c:/intelfpga_lite/18.0/nios2eds/bin/gnu/h-x86_64-mingw32/bin/../lib/gcc/nios2-elf/5.3.0/../../../../../H-x86_64-mingw32/nios2-elf/lib/mno-hw-mul\libc.a(lib_a-stdio.o) (_close_r)
c:/intelfpga_lite/18.0/nios2eds/bin/gnu/h-x86_64-mingw32/bin/../lib/gcc/nios2-elf/5.3.0/../../../../../H-x86_64-mingw32/nios2-elf/lib/mno-hw-mul\libc.a(lib_a-fclose.o)
[...]
Memory Configuration

Name             Origin             Length             Attributes
onchip_memory2_0 0x0000000000000000 0x0000000000000010
reset            0x0000000010000000 0x0000000000000020
sdram            0x0000000010000020 0x0000000007ffffe0
*default*        0x0000000000000000 0xffffffffffffffff

Linker script and memory map

LOAD ../ninja_bsp//obj/HAL/src/crt0.o
LOAD obj/default/driver_ov2640.o
LOAD obj/default/driver_ov2640_basic.o
LOAD obj/default/driver_ov2640_interface_template.o
LOAD obj/default/main.o
LOAD c:/intelfpga_lite/18.0/nios2eds/bin/gnu/h-x86_64-mingw32/bin/../lib/gcc/nios2-elf/5.3.0/../../../../../H-x86_64-mingw32/nios2-elf/lib/mno-hw-mul\libstdc++.a
LOAD c:/intelfpga_lite/18.0/nios2eds/bin/gnu/h-x86_64-mingw32/bin/../lib/gcc/nios2-elf/5.3.0/../../../../../H-x86_64-mingw32/nios2-elf/lib/mno-hw-mul\libm.a
LOAD c:/intelfpga_lite/18.0/nios2eds/bin/gnu/h-x86_64-mingw32/bin/../lib/gcc/nios2-elf/5.3.0/mno-hw-mul\libgcc.a
START GROUP
LOAD c:/intelfpga_lite/18.0/nios2eds/bin/gnu/h-x86_64-mingw32/bin/../lib/gcc/nios2-elf/5.3.0/../../../../../H-x86_64-mingw32/nios2-elf/lib/mno-hw-mul\libc.a
LOAD c:/intelfpga_lite/18.0/nios2eds/bin/gnu/h-x86_64-mingw32/bin/../lib/gcc/nios2-elf/5.3.0/mno-hw-mul\libgcc.a
LOAD ../ninja_bsp/\libhal_bsp.a
LOAD c:/intelfpga_lite/18.0/nios2eds/bin/gnu/h-x86_64-mingw32/bin/../lib/gcc/nios2-elf/5.3.0/../../../../../H-x86_64-mingw32/nios2-elf/lib/mno-hw-mul\libm.a
END GROUP
LOAD c:/intelfpga_lite/18.0/nios2eds/bin/gnu/h-x86_64-mingw32/bin/../lib/gcc/nios2-elf/5.3.0/mno-hw-mul\libgcc.a
                0x0000000000000000                __alt_mem_onchip_memory2_0 = 0x0
                0x0000000010000000                __alt_mem_sdram = 0x10000000

.entry          0x0000000010000000       0x20
 *(.entry)
 .entry         0x0000000010000000       0x20 ../ninja_bsp//obj/HAL/src/crt0.o
                0x0000000010000000                __reset

.exceptions     0x0000000010000020      0x210
                0x0000000010000020                PROVIDE (__ram_exceptions_start, ABSOLUTE (.))
                0x0000000010000020                . = ALIGN (0x20)
 *(.irq)
 *(.exceptions.entry.label)
 .exceptions.entry.label
                0x0000000010000020        0x0 ../ninja_bsp/\libhal_bsp.a(alt_irq_entry.o)
                0x0000000010000020                alt_irq_entry
 .exceptions.entry.label
                0x0000000010000020        0x0 ../ninja_bsp/\libhal_bsp.a(alt_exception_entry.o)
                0x0000000010000020                alt_exception
 *(.exceptions.entry.user)
 *(.exceptions.entry.ecc_fatal)
 *(.exceptions.entry)
 .exceptions.entry
                0x0000000010000020       0x54 ../ninja_bsp/\libhal_bsp.a(alt_exception_entry.o)
 *(.exceptions.irqtest.user)
 *(.exceptions.irqtest)
 .exceptions.irqtest
                0x0000000010000074       0x10 ../ninja_bsp/\libhal_bsp.a(alt_irq_entry.o)
 *(.exceptions.irqhandler.user)
 *(.exceptions.irqhandler)
 .exceptions.irqhandler
                0x0000000010000084        0x4 ../ninja_bsp/\libhal_bsp.a(alt_irq_entry.o)
 *(.exceptions.irqreturn.user)
 *(.exceptions.irqreturn)
 .exceptions.irqreturn
                0x0000000010000088        0x4 ../ninja_bsp/\libhal_bsp.a(alt_irq_entry.o)
 *(.exceptions.notirq.label)
 .exceptions.notirq.label
                0x000000001000008c        0x0 ../ninja_bsp/\libhal_bsp.a(alt_irq_entry.o)
 *(.exceptions.notirq.user)
 *(.exceptions.notirq)
 .exceptions.notirq
                0x000000001000008c        0x8 ../ninja_bsp/\libhal_bsp.a(alt_exception_entry.o)
 *(.exceptions.soft.user)
 *(.exceptions.soft)
 *(.exceptions.unknown.user)
 *(.exceptions.unknown)
 .exceptions.unknown
                0x0000000010000094       0x14 ../ninja_bsp/\libhal_bsp.a(alt_exception_entry.o)
 *(.exceptions.exit.label)
 .exceptions.exit.label
                0x00000000100000a8        0x0 ../ninja_bsp/\libhal_bsp.a(alt_irq_entry.o)
 .exceptions.exit.label
                0x00000000100000a8        0x0 ../ninja_bsp/\libhal_bsp.a(alt_exception_entry.o)
 *(.exceptions.exit.user)
 *(.exceptions.exit)
 .exceptions.exit
                0x00000000100000a8       0x54 ../ninja_bsp/\libhal_bsp.a(alt_exception_entry.o)
 *(.exceptions)
 .exceptions    0x00000000100000fc       0xd4 ../ninja_bsp/\libhal_bsp.a(alt_irq_handler.o)
                0x00000000100000fc                alt_irq_handler
 .exceptions    0x00000000100001d0       0x60 ../ninja_bsp/\libhal_bsp.a(alt_instruction_exception_entry.o)
                0x00000000100001d0                alt_instruction_exception_entry
                0x0000000010000230                PROVIDE (__ram_exceptions_end, ABSOLUTE (.))
                0x0000000010000020                PROVIDE (__flash_exceptions_start, LOADADDR (.exceptions))

.text           0x0000000010000230    0x26258
                [!provide]                        PROVIDE (stext, ABSOLUTE (.))
 *(.interp)
 *(.hash)
 *(.dynsym)
 *(.dynstr)
 *(.gnu.version)
 *(.gnu.version_d)
 *(.gnu.version_r)
 *(.rel.init)
 *(.rela.init)
 *(.rel.text .rel.text.* .rel.gnu.linkonce.t.*)
 *(.rela.text .rela.text.* .rela.gnu.linkonce.t.*)
 *(.rel.fini)
 *(.rela.fini)
 *(.rel.rodata .rel.rodata.* .rel.gnu.linkonce.r.*)
 *(.rela.rodata .rela.rodata.* .rela.gnu.linkonce.r.*)
 *(.rel.data .rel.data.* .rel.gnu.linkonce.d.*)
 *(.rela.data .rela.data.* .rela.gnu.linkonce.d.*)
 *(.rel.tdata .rel.tdata.* .rel.gnu.linkonce.td.*)
 *(.rela.tdata .rela.tdata.* .rela.gnu.linkonce.td.*)
 *(.rel.tbss .rel.tbss.* .rel.gnu.linkonce.tb.*)
 *(.rela.tbss .rela.tbss.* .rela.gnu.linkonce.tb.*)
 *(.rel.ctors)
 *(.rela.ctors)
 *(.rel.dtors)
 *(.rela.dtors)
 *(.rel.got)
 *(.rela.got)
 *(.rel.sdata .rel.sdata.* .rel.gnu.linkonce.s.*)
 *(.rela.sdata .rela.sdata.* .rela.gnu.linkonce.s.*)
 *(.rel.sbss .rel.sbss.* .rel.gnu.linkonce.sb.*)
 *(.rela.sbss .rela.sbss.* .rela.gnu.linkonce.sb.*)
 *(.rel.sdata2 .rel.sdata2.* .rel.gnu.linkonce.s2.*)
 *(.rela.sdata2 .rela.sdata2.* .rela.gnu.linkonce.s2.*)
 *(.rel.sbss2 .rel.sbss2.* .rel.gnu.linkonce.sb2.*)
 *(.rela.sbss2 .rela.sbss2.* .rela.gnu.linkonce.sb2.*)
 *(.rel.bss .rel.bss.* .rel.gnu.linkonce.b.*)
 *(.rela.bss .rela.bss.* .rela.gnu.linkonce.b.*)
 *(.rel.plt)
 *(.rela.plt)
 *(.rel.dyn)
 *(.init)
 *(.plt)
 *(.text .stub .text.* .gnu.linkonce.t.*)
 .text          0x0000000010000230       0x3c ../ninja_bsp//obj/HAL/src/crt0.o
                0x0000000010000230                _start
 .text          0x000000001000026c    0x10c90 obj/default/driver_ov2640.o
                0x00000000100005f4                ov2640_init
                0x0000000010000d38                ov2640_deinit
                0x0000000010000f08                ov2640_table_init
                0x0000000010001004                ov2640_table_jpeg_init
                0x0000000010001100                ov2640_table_rgb565_init
                0x00000000100011fc                ov2640_set_agc_gain
                0x000000001000136c                ov2640_get_agc_gain
                0x0000000010001484                ov2640_set_dummy_frame
                0x0000000010001580                ov2640_get_dummy_frame
                0x0000000010001638                ov2640_set_vertical_window_line_start
                0x00000000100017b0                ov2640_get_vertical_window_line_start
                0x00000000100018c8                ov2640_set_vertical_window_line_end
                0x0000000010001a48                ov2640_get_vertical_window_line_end
                0x0000000010001b68                ov2640_set_horizontal_mirror
                0x0000000010001c64                ov2640_get_horizontal_mirror
                0x0000000010001d1c                ov2640_set_vertical_flip
                0x0000000010001e1c                ov2640_get_vertical_flip
                0x0000000010001ed4                ov2640_set_aec
                0x00000000100020cc                ov2640_get_aec
                0x0000000010002260                ov2640_set_frame_exposure_pre_charge_row_number
                0x0000000010002304                ov2640_get_frame_exposure_pre_charge_row_number
                0x0000000010002398                ov2640_set_mode
                0x0000000010002498                ov2640_get_mode
                0x0000000010002550                ov2640_set_power_reset_pin_remap
                0x0000000010002654                ov2640_get_power_reset_pin_remap
                0x000000001000270c                ov2640_set_output_drive
                0x0000000010002808                ov2640_get_output_drive
                0x00000000100028b8                ov2640_set_band
                0x00000000100029bc                ov2640_get_band
                0x0000000010002a74                ov2640_set_auto_band
                0x0000000010002b74                ov2640_get_auto_band
                0x0000000010002c2c                ov2640_set_live_video_after_snapshot
                0x0000000010002d28                ov2640_get_live_video_after_snapshot
                0x0000000010002dd8                ov2640_set_clock_output_power_down_pin_status
                0x0000000010002edc                ov2640_get_clock_output_power_down_pin_status
                0x0000000010002f94                ov2640_set_clock_rate_double
                0x0000000010003090                ov2640_get_clock_rate_double
                0x0000000010003148                ov2640_set_clock_divider
                0x000000001000326c                ov2640_get_clock_divider
                0x0000000010003318                ov2640_soft_reset
                0x0000000010003418                ov2640_set_resolution
                0x0000000010003518                ov2640_get_resolution
                0x00000000100035d0                ov2640_set_zoom
                0x00000000100036d4                ov2640_get_zoom
                0x000000001000378c                ov2640_set_color_bar_test
                0x000000001000388c                ov2640_get_color_bar_test
                0x0000000010003944                ov2640_set_band_filter
                0x0000000010003a44                ov2640_get_band_filter
                0x0000000010003afc                ov2640_set_agc_control
                0x0000000010003c00                ov2640_get_agc_control
                0x0000000010003cb8                ov2640_set_exposure_control
                0x0000000010003db4                ov2640_get_exposure_control
                0x0000000010003e64                ov2640_set_agc_gain_ceiling
                0x0000000010003f60                ov2640_get_agc_gain_ceiling
                0x0000000010004018                ov2640_set_chsync_href_swap
                0x0000000010004114                ov2640_get_chsync_href_swap
                0x00000000100041cc                ov2640_set_href_chsync_swap
                0x00000000100042cc                ov2640_get_href_chsync_swap
                0x0000000010004384                ov2640_set_pclk_output_qualified_by_href
                0x0000000010004484                ov2640_get_pclk_output_qualified_by_href
                0x000000001000453c                ov2640_set_pclk_edge
                0x000000001000463c                ov2640_get_pclk_edge
                0x00000000100046f4                ov2640_set_href_polarity
                0x00000000100047f4                ov2640_get_href_polarity
                0x00000000100048ac                ov2640_set_vsync_polarity
                0x00000000100049ac                ov2640_get_vsync_polarity
                0x0000000010004a64                ov2640_set_hsync_polarity
                0x0000000010004b60                ov2640_get_hsync_polarity
                0x0000000010004c10                ov2640_set_luminance_signal_high_range
                0x0000000010004cb4                ov2640_get_luminance_signal_high_range
                0x0000000010004d48                ov2640_set_luminance_signal_low_range
                0x0000000010004dec                ov2640_get_luminance_signal_low_range
                0x0000000010004e80                ov2640_set_fast_mode_large_step_range
                0x0000000010004f90                ov2640_get_fast_mode_large_step_range
                0x0000000010005058                ov2640_set_line_interval_adjust
                0x00000000100051d0                ov2640_get_line_interval_adjust
                0x00000000100052e4                ov2640_set_hsync_position_and_width_end_point
                0x0000000010005468                ov2640_get_hsync_position_and_width_end_point
                0x0000000010005580                ov2640_set_hsync_position_and_width_start_point
                0x00000000100056f8                ov2640_get_hsync_position_and_width_start_point
                0x0000000010005808                ov2640_set_vsync_pulse_width
                0x00000000100058f4                ov2640_get_vsync_pulse_width
                0x0000000010005a00                ov2640_set_luminance_average
                0x0000000010005aa4                ov2640_get_luminance_average
                0x0000000010005b48                ov2640_set_horizontal_window_start
                0x0000000010005cc0                ov2640_get_horizontal_window_start
                0x0000000010005dd4                ov2640_set_horizontal_window_end
                0x0000000010005f50                ov2640_get_horizontal_window_end
                0x000000001000606c                ov2640_set_pclk
                0x0000000010006168                ov2640_get_pclk
                0x0000000010006220                ov2640_set_zoom_window_horizontal_start_point
                0x0000000010006324                ov2640_get_zoom_window_horizontal_start_point
                0x00000000100063dc                ov2640_set_frame_length_adjustment
                0x00000000100064f0                ov2640_get_frame_length_adjustment
                0x00000000100065fc                ov2640_set_zoom_mode_vertical_window_start_point
                0x0000000010006774                ov2640_get_zoom_mode_vertical_window_start_point
                0x000000001000688c                ov2640_set_flash_light
                0x0000000010006930                ov2640_get_flash_light
                0x00000000100069d4                ov2640_set_50hz_banding_aec
                0x0000000010006b4c                ov2640_get_50hz_banding_aec
                0x0000000010006c64                ov2640_set_60hz_banding_aec
                0x0000000010006de4                ov2640_get_60hz_banding_aec
                0x0000000010006efc                ov2640_set_16_zone_average_weight_option
                0x0000000010007074                ov2640_get_16_zone_average_weight_option
                0x0000000010007230                ov2640_set_histogram_algorithm_low_level
                0x00000000100072d4                ov2640_get_histogram_algorithm_low_level
                0x0000000010007378                ov2640_set_histogram_algorithm_high_level
                0x000000001000741c                ov2640_get_histogram_algorithm_high_level
                0x00000000100074c0                ov2640_set_dsp_bypass
                0x00000000100075bc                ov2640_get_dsp_bypass
                0x000000001000766c                ov2640_set_auto_mode
                0x0000000010007768                ov2640_get_auto_mode
                0x0000000010007820                ov2640_set_dvp_pclk
                0x000000001000794c                ov2640_get_dvp_pclk
                0x00000000100079f8                ov2640_set_dvp_y8
                0x0000000010007af8                ov2640_get_dvp_y8
                0x0000000010007bb0                ov2640_set_jpeg_output
                0x0000000010007cb0                ov2640_get_jpeg_output
                0x0000000010007d68                ov2640_set_dvp_output_format
                0x0000000010007e6c                ov2640_get_dvp_output_format
                0x0000000010007f24                ov2640_set_dvp_jpeg_output_href_timing
                0x0000000010008024                ov2640_get_dvp_jpeg_output_href_timing
                0x00000000100080dc                ov2640_set_byte_swap
                0x00000000100081d8                ov2640_get_byte_swap
                0x0000000010008288                ov2640_set_reset
                0x00000000100083b0                ov2640_get_reset
                0x000000001000846c                ov2640_set_sccb_master_speed
                0x0000000010008510                ov2640_get_sccb_master_speed
                0x00000000100085b4                ov2640_set_sccb_slave_id
                0x0000000010008658                ov2640_get_sccb_slave_id
                0x00000000100086fc                ov2640_set_address_auto_increase
                0x00000000100087fc                ov2640_get_address_auto_increase
                0x00000000100088b4                ov2640_set_sccb
                0x00000000100089b4                ov2640_get_sccb
                0x0000000010008a6c                ov2640_set_sccb_master_clock_delay
                0x0000000010008b70                ov2640_get_sccb_master_clock_delay
                0x0000000010008c28                ov2640_set_sccb_master_access
                0x0000000010008d28                ov2640_get_sccb_master_access
                0x0000000010008de0                ov2640_set_sensor_pass_through_access
                0x0000000010008edc                ov2640_get_sensor_pass_through_access
                0x0000000010008f8c                ov2640_set_bist
                0x00000000100090a4                ov2640_get_bist
                0x0000000010009160                ov2640_set_program_memory_pointer_address
                0x000000001000924c                ov2640_get_program_memory_pointer_address
                0x0000000010009354                ov2640_set_program_memory_pointer_access_address
                0x00000000100093f8                ov2640_get_program_memory_pointer_access_address
                0x000000001000949c                ov2640_set_sccb_protocol_command
                0x0000000010009540                ov2640_get_sccb_protocol_command
                0x00000000100095e4                ov2640_set_sccb_protocol_status
                0x0000000010009688                ov2640_get_sccb_protocol_status
                0x000000001000972c                ov2640_set_cip
                0x0000000010009828                ov2640_get_cip
                0x00000000100098e0                ov2640_set_dmy
                0x00000000100099e0                ov2640_get_dmy
                0x0000000010009a98                ov2640_set_raw_gma
                0x0000000010009b98                ov2640_get_raw_gma
                0x0000000010009c50                ov2640_set_dg
                0x0000000010009d50                ov2640_get_dg
                0x0000000010009e08                ov2640_set_awb
                0x0000000010009f08                ov2640_get_awb
                0x0000000010009fc0                ov2640_set_awb_gain
                0x000000001000a0c4                ov2640_get_awb_gain
                0x000000001000a17c                ov2640_set_lenc
                0x000000001000a27c                ov2640_get_lenc
                0x000000001000a334                ov2640_set_pre
                0x000000001000a430                ov2640_get_pre
                0x000000001000a4e0                ov2640_set_aec_enable
                0x000000001000a5dc                ov2640_get_aec_enable
                0x000000001000a694                ov2640_set_aec_sel
                0x000000001000a794                ov2640_get_aec_sel
                0x000000001000a84c                ov2640_set_stat_sel
                0x000000001000a94c                ov2640_get_stat_sel
                0x000000001000aa04                ov2640_set_vfirst
                0x000000001000ab04                ov2640_get_vfirst
                0x000000001000abbc                ov2640_set_yuv422
                0x000000001000acbc                ov2640_get_yuv422
                0x000000001000ad74                ov2640_set_yuv
                0x000000001000ae78                ov2640_get_yuv
                0x000000001000af30                ov2640_set_rgb
                0x000000001000b030                ov2640_get_rgb
                0x000000001000b0e8                ov2640_set_raw
                0x000000001000b1e4                ov2640_get_raw
                0x000000001000b294                ov2640_set_dcw
                0x000000001000b394                ov2640_get_dcw
                0x000000001000b44c                ov2640_set_sde
                0x000000001000b54c                ov2640_get_sde
                0x000000001000b604                ov2640_set_uv_adj
                0x000000001000b704                ov2640_get_uv_adj
                0x000000001000b7bc                ov2640_set_uv_avg
                0x000000001000b8c0                ov2640_get_uv_avg
                0x000000001000b978                ov2640_set_cmx
                0x000000001000ba74                ov2640_get_cmx
                0x000000001000bb24                ov2640_set_bpc
                0x000000001000bc20                ov2640_get_bpc
                0x000000001000bcd8                ov2640_set_wpc
                0x000000001000bdd8                ov2640_get_wpc
                0x000000001000be90                ov2640_set_sde_indirect_register_address
                0x000000001000bf34                ov2640_get_sde_indirect_register_address
                0x000000001000bfd8                ov2640_set_sde_indirect_register_data
                0x000000001000c07c                ov2640_get_sde_indirect_register_data
                0x000000001000c120                ov2640_set_image_horizontal
                0x000000001000c2d0                ov2640_get_image_horizontal
                0x000000001000c420                ov2640_set_image_vertical
                0x000000001000c598                ov2640_get_image_vertical
                0x000000001000c6ac                ov2640_set_quantization_scale_factor
                0x000000001000c750                ov2640_get_quantization_scale_factor
                0x000000001000c7f4                ov2640_set_lp_dp
                0x000000001000c8f0                ov2640_get_lp_dp
                0x000000001000c9a8                ov2640_set_round
                0x000000001000caa8                ov2640_get_round
                0x000000001000cb60                ov2640_set_vertical_divider
                0x000000001000cc8c                ov2640_get_vertical_divider
                0x000000001000cd40                ov2640_set_horizontal_divider
                0x000000001000ce64                ov2640_get_horizontal_divider
                0x000000001000cf10                ov2640_set_horizontal_size
                0x000000001000d138                ov2640_get_horizontal_size
                0x000000001000d2c0                ov2640_set_vertical_size
                0x000000001000d438                ov2640_get_vertical_size
                0x000000001000d550                ov2640_set_offset_x
                0x000000001000d6c8                ov2640_get_offset_x
                0x000000001000d7d8                ov2640_set_offset_y
                0x000000001000d958                ov2640_get_offset_y
                0x000000001000da70                ov2640_set_dp_selx
                0x000000001000db94                ov2640_get_dp_selx
                0x000000001000dc40                ov2640_set_dp_sely
                0x000000001000dd68                ov2640_get_dp_sely
                0x000000001000de18                ov2640_set_output_width
                0x000000001000df90                ov2640_get_output_width
                0x000000001000e0a0                ov2640_set_output_height
                0x000000001000e224                ov2640_get_output_height
                0x000000001000e33c                ov2640_set_zoom_speed
                0x000000001000e464                ov2640_get_zoom_speed
                0x000000001000e514                ov2640_set_light_mode
                0x000000001000ea1c                ov2640_set_color_saturation
                0x000000001000f114                ov2640_set_brightness
                0x000000001000f7f4                ov2640_set_contrast
                0x000000001001016c                ov2640_set_special_effect
                0x0000000010010c38                ov2640_get_dsp_reg
                0x0000000010010cac                ov2640_set_dsp_reg
                0x0000000010010d28                ov2640_get_sensor_reg
                0x0000000010010d9c                ov2640_set_sensor_reg
                0x0000000010010e18                ov2640_info
 .text          0x0000000010010efc     0x1f9c obj/default/driver_ov2640_basic.o
                0x0000000010010efc                ov2640_basic_init
                0x00000000100128b4                ov2640_basic_deinit
                0x00000000100128f8                ov2640_basic_set_jpeg_mode
                0x000000001001293c                ov2640_basic_set_rgb565_mode
                0x0000000010012980                ov2640_basic_set_light_mode
                0x00000000100129cc                ov2640_basic_set_color_saturation
                0x0000000010012a18                ov2640_basic_set_brightness
                0x0000000010012a64                ov2640_basic_set_contrast
                0x0000000010012ab0                ov2640_basic_set_special_effect
                0x0000000010012afc                ov2640_basic_set_image_resolution
 .text          0x0000000010012e98      0x860 obj/default/driver_ov2640_interface_template.o
                0x0000000010012ff4                ov2640_interface_sccb_init
                0x0000000010013080                ov2640_interface_sccb_deinit
                0x00000000100130a4                ov2640_interface_sccb_read
                0x00000000100132c0                ov2640_interface_sccb_write
                0x0000000010013468                ov2640_interface_power_down_init
                0x00000000100134b8                ov2640_interface_power_down_deinit
                0x0000000010013508                ov2640_interface_power_down_write
                0x000000001001356c                ov2640_interface_reset_init
                0x00000000100135b0                ov2640_interface_reset_deinit
                0x00000000100135f4                ov2640_interface_reset_write
                0x0000000010013658                ov2640_interface_delay_ms
                0x0000000010013698                ov2640_interface_debug_print
 .text          0x00000000100136f8     0x1570 obj/default/main.o
                0x0000000010014ad8                main
 .text          0x0000000010014c68      0x10c c:/intelfpga_lite/18.0/nios2eds/bin/gnu/h-x86_64-mingw32/bin/../lib/gcc/nios2-elf/5.3.0/mno-hw-mul\libgcc.a(_muldi3.o)
                0x0000000010014c68                __muldi3
 .text          0x0000000010014d74       0x28 c:/intelfpga_lite/18.0/nios2eds/bin/gnu/h-x86_64-mingw32/bin/../lib/gcc/nios2-elf/5.3.0/mno-hw-mul\libgcc.a(lib2-mul.o)
                0x0000000010014d74                __mulsi3
 .text          0x0000000010014d9c        0x0 c:/intelfpga_lite/18.0/nios2eds/bin/gnu/h-x86_64-mingw32/bin/../lib/gcc/nios2-elf/5.3.0/../../../../../H-x86_64-mingw32/nios2-elf/lib/mno-hw-mul\libc.a(lib_a-fflush.o)
 .text.__sflush_r
                0x0000000010014d9c      0x21c c:/intelfpga_lite/18.0/nios2eds/bin/gnu/h-x86_64-mingw32/bin/../lib/gcc/nios2-elf/5.3.0/../../../../../H-x86_64-mingw32/nios2-elf/lib/mno-hw-mul\libc.a(lib_a-fflush.o)
                0x0000000010014d9c                __sflush_r
 .text._fflush_r
                0x0000000010014fb8       0x5c c:/intelfpga_lite/18.0/nios2eds/bin/gnu/h-x86_64-mingw32/bin/../lib/gcc/nios2-elf/5.3.0/../../../../../H-x86_64-mingw32/nios2-elf/lib/mno-hw-mul\libc.a(lib_a-fflush.o)
                0x0000000010014fb8                _fflush_r
 .text.fflush   0x0000000010015014       0x30 c:/intelfpga_lite/18.0/nios2eds/bin/gnu/h-x86_64-mingw32/bin/../lib/gcc/nios2-elf/5.3.0/../../../../../H-x86_64-mingw32/nios2-elf/lib/mno-hw-mul\libc.a(lib_a-fflush.o)
                0x0000000010015014                fflush
 .text          0x0000000010015044        0x0 c:/intelfpga_lite/18.0/nios2eds/bin/gnu/h-x86_64-mingw32/bin/../lib/gcc/nios2-elf/5.3.0/../../../../../H-x86_64-mingw32/nios2-elf/lib/mno-hw-mul\libc.a(lib_a-findfp.o)
 .text.__fp_unlock
                0x0000000010015044        0x8 c:/intelfpga_lite/18.0/nios2eds/bin/gnu/h-x86_64-mingw32/bin/../lib/gcc/nios2-elf/5.3.0/../../../../../H-x86_64-mingw32/nios2-elf/lib/mno-hw-mul\libc.a(lib_a-findfp.o)
 .text._cleanup_r
                0x000000001001504c        0xc c:/intelfpga_lite/18.0/nios2eds/bin/gnu/h-x86_64-mingw32/bin/../lib/gcc/nios2-elf/5.3.0/../../../../../H-x86_64-mingw32/nios2-elf/lib/mno-hw-mul\libc.a(lib_a-findfp.o)
                0x000000001001504c                _cleanup_r
 .text.__sinit.part.1
                0x0000000010015058      0x19c c:/intelfpga_lite/18.0/nios2eds/bin/gnu/h-x86_64-mingw32/bin/../lib/gcc/nios2-elf/5.3.0/../../../../../H-x86_64-mingw32/nios2-elf/lib/mno-hw-mul\libc.a(lib_a-findfp.o)
 .text.__fp_lock
                0x00000000100151f4        0x8 c:/intelfpga_lite/18.0/nios2eds/bin/gnu/h-x86_64-mingw32/bin/../lib/gcc/nios2-elf/5.3.0/../../../../../H-x86_64-mingw32/nios2-elf/lib/mno-hw-mul\libc.a(lib_a-findfp.o)
 .text.__sfmoreglue
                0x00000000100151fc       0x78 c:/intelfpga_lite/18.0/nios2eds/bin/gnu/h-x86_64-mingw32/bin/../lib/gcc/nios2-elf/5.3.0/../../../../../H-x86_64-mingw32/nios2-elf/lib/mno-hw-mul\libc.a(lib_a-findfp.o)
                0x00000000100151fc                __sfmoreglue
 .text.__sfp    0x0000000010015274      0x118 c:/intelfpga_lite/18.0/nios2eds/bin/gnu/h-x86_64-mingw32/bin/../lib/gcc/nios2-elf/5.3.0/../../../../../H-x86_64-mingw32/nios2-elf/lib/mno-hw-mul\libc.a(lib_a-findfp.o)
                0x0000000010015274                __sfp
 .text._cleanup
                0x000000001001538c       0x18 c:/intelfpga_lite/18.0/nios2eds/bin/gnu/h-x86_64-mingw32/bin/../lib/gcc/nios2-elf/5.3.0/../../../../../H-x86_64-mingw32/nios2-elf/lib/mno-hw-mul\libc.a(lib_a-findfp.o)
                0x000000001001538c                _cleanup
 .text.__sinit  0x00000000100153a4       0x10 c:/intelfpga_lite/18.0/nios2eds/bin/gnu/h-x86_64-mingw32/bin/../lib/gcc/nios2-elf/5.3.0/../../../../../H-x86_64-mingw32/nios2-elf/lib/mno-hw-mul\libc.a(lib_a-findfp.o)
                0x00000000100153a4                __sinit
 .text.__sfp_lock_acquire
                0x00000000100153b4        0x4 c:/intelfpga_lite/18.0/nios2eds/bin/gnu/h-x86_64-mingw32/bin/../lib/gcc/nios2-elf/5.3.0/../../../../../H-x86_64-mingw32/nios2-elf/lib/mno-hw-mul\libc.a(lib_a-findfp.o)
                0x00000000100153b4                __sfp_lock_acquire
 .text.__sfp_lock_release
                0x00000000100153b8        0x4 c:/intelfpga_lite/18.0/nios2eds/bin/gnu/h-x86_64-mingw32/bin/../lib/gcc/nios2-elf/5.3.0/../../../../../H-x86_64-mingw32/nios2-elf/lib/mno-hw-mul\libc.a(lib_a-findfp.o)
                0x00000000100153b8                __sfp_lock_release
 .text.__sinit_lock_acquire
                0x00000000100153bc        0x4 c:/intelfpga_lite/18.0/nios2eds/bin/gnu/h-x86_64-mingw32/bin/../lib/gcc/nios2-elf/5.3.0/../../../../../H-x86_64-mingw32/nios2-elf/lib/mno-hw-mul\libc.a(lib_a-findfp.o)
                0x00000000100153bc                __sinit_lock_acquire
 .text.__sinit_lock_release
                0x00000000100153c0        0x4 c:/intelfpga_lite/18.0/nios2eds/bin/gnu/h-x86_64-mingw32/bin/../lib/gcc/nios2-elf/5.3.0/../../../../../H-x86_64-mingw32/nios2-elf/lib/mno-hw-mul\libc.a(lib_a-findfp.o)
                0x00000000100153c0                __sinit_lock_release
 .text.__fp_lock_all
                0x00000000100153c4       0x18 c:/intelfpga_lite/18.0/nios2eds/bin/gnu/h-x86_64-mingw32/bin/../lib/gcc/nios2-elf/5.3.0/../../../../../H-x86_64-mingw32/nios2-elf/lib/mno-hw-mul\libc.a(lib_a-findfp.o)
                0x00000000100153c4                __fp_lock_all
 .text.__fp_unlock_all
                0x00000000100153dc       0x18 c:/intelfpga_lite/18.0/nios2eds/bin/gnu/h-x86_64-mingw32/bin/../lib/gcc/nios2-elf/5.3.0/../../../../../H-x86_64-mingw32/nios2-elf/lib/mno-hw-mul\libc.a(lib_a-findfp.o)
                0x00000000100153dc                __fp_unlock_all
 .text          0x00000000100153f4        0x0 c:/intelfpga_lite/18.0/nios2eds/bin/gnu/h-x86_64-mingw32/bin/../lib/gcc/nios2-elf/5.3.0/../../../../../H-x86_64-mingw32/nios2-elf/lib/mno-hw-mul\libc.a(lib_a-freer.o)
 .text._malloc_trim_r
                0x00000000100153f4      0x124 c:/intelfpga_lite/18.0/nios2eds/bin/gnu/h-x86_64-mingw32/bin/../lib/gcc/nios2-elf/5.3.0/../../../../../H-x86_64-mingw32/nios2-elf/lib/mno-hw-mul\libc.a(lib_a-freer.o)
                0x00000000100153f4                _malloc_trim_r
 .text._free_r  0x0000000010015518      0x310 c:/intelfpga_lite/18.0/nios2eds/bin/gnu/h-x86_64-mingw32/bin/../lib/gcc/nios2-elf/5.3.0/../../../../../H-x86_64-mingw32/nios2-elf/lib/mno-hw-mul\libc.a(lib_a-freer.o)
                0x0000000010015518                _free_r
 .text          0x0000000010015828        0x0 c:/intelfpga_lite/18.0/nios2eds/bin/gnu/h-x86_64-mingw32/bin/../lib/gcc/nios2-elf/5.3.0/../../../../../H-x86_64-mingw32/nios2-elf/lib/mno-hw-mul\libc.a(lib_a-fwalk.o)
 .text._fwalk   0x0000000010015828       0xc4 c:/intelfpga_lite/18.0/nios2eds/bin/gnu/h-x86_64-mingw32/bin/../lib/gcc/nios2-elf/5.3.0/../../../../../H-x86_64-mingw32/nios2-elf/lib/mno-hw-mul\libc.a(lib_a-fwalk.o)
                0x0000000010015828                _fwalk
 .text._fwalk_reent
                0x00000000100158ec       0xc4 c:/intelfpga_lite/18.0/nios2eds/bin/gnu/h-x86_64-mingw32/bin/../lib/gcc/nios2-elf/5.3.0/../../../../../H-x86_64-mingw32/nios2-elf/lib/mno-hw-mul\libc.a(lib_a-fwalk.o)
                0x00000000100158ec                _fwalk_reent
 .text          0x00000000100159b0        0x0 c:/intelfpga_lite/18.0/nios2eds/bin/gnu/h-x86_64-mingw32/bin/../lib/gcc/nios2-elf/5.3.0/../../../../../H-x86_64-mingw32/nios2-elf/lib/mno-hw-mul\libc.a(lib_a-impure.o)
 .text          0x00000000100159b0        0x0 c:/intelfpga_lite/18.0/nios2eds/bin/gnu/h-x86_64-mingw32/bin/../lib/gcc/nios2-elf/5.3.0/../../../../../H-x86_64-mingw32/nios2-elf/lib/mno-hw-mul\libc.a(lib_a-mallocr.o)
 .text._malloc_r
                0x00000000100159b0      0x80c c:/intelfpga_lite/18.0/nios2eds/bin/gnu/h-x86_64-mingw32/bin/../lib/gcc/nios2-elf/5.3.0/../../../../../H-x86_64-mingw32/nios2-elf/lib/mno-hw-mul\libc.a(lib_a-mallocr.o)
                0x00000000100159b0                _malloc_r
 .text          0x00000000100161bc        0x0 c:/intelfpga_lite/18.0/nios2eds/bin/gnu/h-x86_64-mingw32/bin/../lib/gcc/nios2-elf/5.3.0/../../../../../H-x86_64-mingw32/nios2-elf/lib/mno-hw-mul\libc.a(lib_a-memset.o)
 .text.memset   0x00000000100161bc      0x128 c:/intelfpga_lite/18.0/nios2eds/bin/gnu/h-x86_64-mingw32/bin/../lib/gcc/nios2-elf/5.3.0/../../../../../H-x86_64-mingw32/nios2-elf/lib/mno-hw-mul\libc.a(lib_a-memset.o)
                0x00000000100161bc                memset
 .text          0x00000000100162e4        0x0 c:/intelfpga_lite/18.0/nios2eds/bin/gnu/h-x86_64-mingw32/bin/../lib/gcc/nios2-elf/5.3.0/../../../../../H-x86_64-mingw32/nios2-elf/lib/mno-hw-mul\libc.a(lib_a-sbrkr.o)
 .text._sbrk_r  0x00000000100162e4       0x54 c:/intelfpga_lite/18.0/nios2eds/bin/gnu/h-x86_64-mingw32/bin/../lib/gcc/nios2-elf/5.3.0/../../../../../H-x86_64-mingw32/nios2-elf/lib/mno-hw-mul\libc.a(lib_a-sbrkr.o)
                0x00000000100162e4                _sbrk_r
 .text          0x0000000010016338        0x0 c:/intelfpga_lite/18.0/nios2eds/bin/gnu/h-x86_64-mingw32/bin/../lib/gcc/nios2-elf/5.3.0/../../../../../H-x86_64-mingw32/nios2-elf/lib/mno-hw-mul\libc.a(lib_a-stdio.o)
 .text.__sread  0x0000000010016338       0x54 c:/intelfpga_lite/18.0/nios2eds/bin/gnu/h-x86_64-mingw32/bin/../lib/gcc/nios2-elf/5.3.0/../../../../../H-x86_64-mingw32/nios2-elf/lib/mno-hw-mul\libc.a(lib_a-stdio.o)
                0x0000000010016338                __sread
 .text.__seofread
                0x000000001001638c        0x8 c:/intelfpga_lite/18.0/nios2eds/bin/gnu/h-x86_64-mingw32/bin/../lib/gcc/nios2-elf/5.3.0/../../../../../H-x86_64-mingw32/nios2-elf/lib/mno-hw-mul\libc.a(lib_a-stdio.o)
                0x000000001001638c                __seofread
 .text.__swrite
                0x0000000010016394       0x7c c:/intelfpga_lite/18.0/nios2eds/bin/gnu/h-x86_64-mingw32/bin/../lib/gcc/nios2-elf/5.3.0/../../../../../H-x86_64-mingw32/nios2-elf/lib/mno-hw-mul\libc.a(lib_a-stdio.o)
                0x0000000010016394                __swrite
 .text.__sseek  0x0000000010016410       0x5c c:/intelfpga_lite/18.0/nios2eds/bin/gnu/h-x86_64-mingw32/bin/../lib/gcc/nios2-elf/5.3.0/../../../../../H-x86_64-mingw32/nios2-elf/lib/mno-hw-mul\libc.a(lib_a-stdio.o)
                0x0000000010016410                __sseek
 .text.__sclose
                0x000000001001646c        0x8 c:/intelfpga_lite/18.0/nios2eds/bin/gnu/h-x86_64-mingw32/bin/../lib/gcc/nios2-elf/5.3.0/../../../../../H-x86_64-mingw32/nios2-elf/lib/mno-hw-mul\libc.a(lib_a-stdio.o)
                0x000000001001646c                __sclose
 .text          0x0000000010016474        0x0 c:/intelfpga_lite/18.0/nios2eds/bin/gnu/h-x86_64-mingw32/bin/../lib/gcc/nios2-elf/5.3.0/../../../../../H-x86_64-mingw32/nios2-elf/lib/mno-hw-mul\libc.a(lib_a-strncpy.o)
 .text.strncpy  0x0000000010016474       0xec c:/intelfpga_lite/18.0/nios2eds/bin/gnu/h-x86_64-mingw32/bin/../lib/gcc/nios2-elf/5.3.0/../../../../../H-x86_64-mingw32/nios2-elf/lib/mno-hw-mul\libc.a(lib_a-strncpy.o)
                0x0000000010016474                strncpy
 .text          0x0000000010016560        0x0 c:/intelfpga_lite/18.0/nios2eds/bin/gnu/h-x86_64-mingw32/bin/../lib/gcc/nios2-elf/5.3.0/../../../../../H-x86_64-mingw32/nios2-elf/lib/mno-hw-mul\libc.a(lib_a-vprintf.o)
 .text.vprintf  0x0000000010016560       0x1c c:/intelfpga_lite/18.0/nios2eds/bin/gnu/h-x86_64-mingw32/bin/../lib/gcc/nios2-elf/5.3.0/../../../../../H-x86_64-mingw32/nios2-elf/lib/mno-hw-mul\libc.a(lib_a-vprintf.o)
                0x0000000010016560                vprintf
 .text._vprintf_r
                0x000000001001657c       0x10 c:/intelfpga_lite/18.0/nios2eds/bin/gnu/h-x86_64-mingw32/bin/../lib/gcc/nios2-elf/5.3.0/../../../../../H-x86_64-mingw32/nios2-elf/lib/mno-hw-mul\libc.a(lib_a-vprintf.o)
                0x000000001001657c                _vprintf_r
 .text          0x000000001001658c        0x0 c:/intelfpga_lite/18.0/nios2eds/bin/gnu/h-x86_64-mingw32/bin/../lib/gcc/nios2-elf/5.3.0/../../../../../H-x86_64-mingw32/nios2-elf/lib/mno-hw-mul\libc.a(lib_a-writer.o)
 .text._write_r
                0x000000001001658c       0x60 c:/intelfpga_lite/18.0/nios2eds/bin/gnu/h-x86_64-mingw32/bin/../lib/gcc/nios2-elf/5.3.0/../../../../../H-x86_64-mingw32/nios2-elf/lib/mno-hw-mul\libc.a(lib_a-writer.o)
                0x000000001001658c                _write_r
 .text          0x00000000100165ec        0x0 c:/intelfpga_lite/18.0/nios2eds/bin/gnu/h-x86_64-mingw32/bin/../lib/gcc/nios2-elf/5.3.0/../../../../../H-x86_64-mingw32/nios2-elf/lib/mno-hw-mul\libc.a(closer.o)
 .text._close_r
                0x00000000100165ec       0x54 c:/intelfpga_lite/18.0/nios2eds/bin/gnu/h-x86_64-mingw32/bin/../lib/gcc/nios2-elf/5.3.0/../../../../../H-x86_64-mingw32/nios2-elf/lib/mno-hw-mul\libc.a(closer.o)
                0x00000000100165ec                _close_r
 .text          0x0000000010016640        0x0 c:/intelfpga_lite/18.0/nios2eds/bin/gnu/h-x86_64-mingw32/bin/../lib/gcc/nios2-elf/5.3.0/../../../../../H-x86_64-mingw32/nios2-elf/lib/mno-hw-mul\libc.a(lib_a-fclose.o)
 .text._fclose_r
                0x0000000010016640       0xf0 c:/intelfpga_lite/18.0/nios2eds/bin/gnu/h-x86_64-mingw32/bin/../lib/gcc/nios2-elf/5.3.0/../../../../../H-x86_64-mingw32/nios2-elf/lib/mno-hw-mul\libc.a(lib_a-fclose.o)
                0x0000000010016640                _fclose_r
 .text.fclose   0x0000000010016730       0x14 c:/intelfpga_lite/18.0/nios2eds/bin/gnu/h-x86_64-mingw32/bin/../lib/gcc/nios2-elf/5.3.0/../../../../../H-x86_64-mingw32/nios2-elf/lib/mno-hw-mul\libc.a(lib_a-fclose.o)
                0x0000000010016730                fclose
 .text          0x0000000010016744        0x0 c:/intelfpga_lite/18.0/nios2eds/bin/gnu/h-x86_64-mingw32/bin/../lib/gcc/nios2-elf/5.3.0/../../../../../H-x86_64-mingw32/nios2-elf/lib/mno-hw-mul\libc.a(lib_a-int_errno.o)
 .text          0x0000000010016744        0x0 c:/intelfpga_lite/18.0/nios2eds/bin/gnu/h-x86_64-mingw32/bin/../lib/gcc/nios2-elf/5.3.0/../../../../../H-x86_64-mingw32/nios2-elf/lib/mno-hw-mul\libc.a(lib_a-lseekr.o)
 .text._lseek_r
                0x0000000010016744       0x60 c:/intelfpga_lite/18.0/nios2eds/bin/gnu/h-x86_64-mingw32/bin/../lib/gcc/nios2-elf/5.3.0/../../../../../H-x86_64-mingw32/nios2-elf/lib/mno-hw-mul\libc.a(lib_a-lseekr.o)
                0x0000000010016744                _lseek_r
 .text          0x00000000100167a4        0x0 c:/intelfpga_lite/18.0/nios2eds/bin/gnu/h-x86_64-mingw32/bin/../lib/gcc/nios2-elf/5.3.0/../../../../../H-x86_64-mingw32/nios2-elf/lib/mno-hw-mul\libc.a(lib_a-readr.o)
 .text._read_r  0x00000000100167a4       0x60 c:/intelfpga_lite/18.0/nios2eds/bin/gnu/h-x86_64-mingw32/bin/../lib/gcc/nios2-elf/5.3.0/../../../../../H-x86_64-mingw32/nios2-elf/lib/mno-hw-mul\libc.a(lib_a-readr.o)
                0x00000000100167a4                _read_r
 .text          0x0000000010016804        0x0 c:/intelfpga_lite/18.0/nios2eds/bin/gnu/h-x86_64-mingw32/bin/../lib/gcc/nios2-elf/5.3.0/../../../../../H-x86_64-mingw32/nios2-elf/lib/mno-hw-mul\libc.a(lib_a-vfprintfr_1.o)
 .text._vfprintf_r
                0x0000000010016804       0x18 c:/intelfpga_lite/18.0/nios2eds/bin/gnu/h-x86_64-mingw32/bin/../lib/gcc/nios2-elf/5.3.0/../../../../../H-x86_64-mingw32/nios2-elf/lib/mno-hw-mul\libc.a(lib_a-vfprintfr_1.o)
                0x0000000010016804                _vfprintf_r
 .text          0x000000001001681c        0x0 c:/intelfpga_lite/18.0/nios2eds/bin/gnu/h-x86_64-mingw32/bin/../lib/gcc/nios2-elf/5.3.0/../../../../../H-x86_64-mingw32/nios2-elf/lib/mno-hw-mul\libc.a(lib_a-vfprintf.o)
 .text.___vfprintf_internal_r
                0x000000001001681c     0x22dc c:/intelfpga_lite/18.0/nios2eds/bin/gnu/h-x86_64-mingw32/bin/../lib/gcc/nios2-elf/5.3.0/../../../../../H-x86_64-mingw32/nios2-elf/lib/mno-hw-mul\libc.a(lib_a-vfprintf.o)
                0x000000001001681c                ___vfprintf_internal_r
 .text.__vfprintf_internal
                0x0000000010018af8       0x1c c:/intelfpga_lite/18.0/nios2eds/bin/gnu/h-x86_64-mingw32/bin/../lib/gcc/nios2-elf/5.3.0/../../../../../H-x86_64-mingw32/nios2-elf/lib/mno-hw-mul\libc.a(lib_a-vfprintf.o)
                0x0000000010018af8                __vfprintf_internal
 .text.__sbprintf
                0x0000000010018b14       0xbc c:/intelfpga_lite/18.0/nios2eds/bin/gnu/h-x86_64-mingw32/bin/../lib/gcc/nios2-elf/5.3.0/../../../../../H-x86_64-mingw32/nios2-elf/lib/mno-hw-mul\libc.a(lib_a-vfprintf.o)
 .text          0x0000000010018bd0        0x0 c:/intelfpga_lite/18.0/nios2eds/bin/gnu/h-x86_64-mingw32/bin/../lib/gcc/nios2-elf/5.3.0/../../../../../H-x86_64-mingw32/nios2-elf/lib/mno-hw-mul\libc.a(lib_a-wsetup.o)
 .text.__swsetup_r
                0x0000000010018bd0      0x154 c:/intelfpga_lite/18.0/nios2eds/bin/gnu/h-x86_64-mingw32/bin/../lib/gcc/nios2-elf/5.3.0/../../../../../H-x86_64-mingw32/nios2-elf/lib/mno-hw-mul\libc.a(lib_a-wsetup.o)
                0x0000000010018bd0                __swsetup_r
 .text          0x0000000010018d24        0x0 c:/intelfpga_lite/18.0/nios2eds/bin/gnu/h-x86_64-mingw32/bin/../lib/gcc/nios2-elf/5.3.0/../../../../../H-x86_64-mingw32/nios2-elf/lib/mno-hw-mul\libc.a(lib_a-dtoa.o)
 .text.quorem   0x0000000010018d24      0x228 c:/intelfpga_lite/18.0/nios2eds/bin/gnu/h-x86_64-mingw32/bin/../lib/gcc/nios2-elf/5.3.0/../../../../../H-x86_64-mingw32/nios2-elf/lib/mno-hw-mul\libc.a(lib_a-dtoa.o)
 .text._dtoa_r  0x0000000010018f4c     0x1688 c:/intelfpga_lite/18.0/nios2eds/bin/gnu/h-x86_64-mingw32/bin/../lib/gcc/nios2-elf/5.3.0/../../../../../H-x86_64-mingw32/nios2-elf/lib/mno-hw-mul\libc.a(lib_a-dtoa.o)
                0x0000000010018f4c                _dtoa_r
 .text          0x000000001001a5d4        0x0 c:/intelfpga_lite/18.0/nios2eds/bin/gnu/h-x86_64-mingw32/bin/../lib/gcc/nios2-elf/5.3.0/../../../../../H-x86_64-mingw32/nios2-elf/lib/mno-hw-mul\libc.a(lib_a-locale.o)
 .text._setlocale_r
                0x000000001001a5d4       0x7c c:/intelfpga_lite/18.0/nios2eds/bin/gnu/h-x86_64-mingw32/bin/../lib/gcc/nios2-elf/5.3.0/../../../../../H-x86_64-mingw32/nios2-elf/lib/mno-hw-mul\libc.a(lib_a-locale.o)
                0x000000001001a5d4                _setlocale_r
 .text.__locale_charset
                0x000000001001a650        0xc c:/intelfpga_lite/18.0/nios2eds/bin/gnu/h-x86_64-mingw32/bin/../lib/gcc/nios2-elf/5.3.0/../../../../../H-x86_64-mingw32/nios2-elf/lib/mno-hw-mul\libc.a(lib_a-locale.o)
                0x000000001001a650                __locale_charset
 .text.__locale_mb_cur_max
                0x000000001001a65c       0x10 c:/intelfpga_lite/18.0/nios2eds/bin/gnu/h-x86_64-mingw32/bin/../lib/gcc/nios2-elf/5.3.0/../../../../../H-x86_64-mingw32/nios2-elf/lib/mno-hw-mul\libc.a(lib_a-locale.o)
                0x000000001001a65c                __locale_mb_cur_max
 .text.__locale_msgcharset
                0x000000001001a66c        0xc c:/intelfpga_lite/18.0/nios2eds/bin/gnu/h-x86_64-mingw32/bin/../lib/gcc/nios2-elf/5.3.0/../../../../../H-x86_64-mingw32/nios2-elf/lib/mno-hw-mul\libc.a(lib_a-locale.o)
                0x000000001001a66c                __locale_msgcharset
 .text.__locale_cjk_lang
                0x000000001001a678        0x8 c:/intelfpga_lite/18.0/nios2eds/bin/gnu/h-x86_64-mingw32/bin/../lib/gcc/nios2-elf/5.3.0/../../../../../H-x86_64-mingw32/nios2-elf/lib/mno-hw-mul\libc.a(lib_a-locale.o)
                0x000000001001a678                __locale_cjk_lang
 .text._localeconv_r
                0x000000001001a680        0xc c:/intelfpga_lite/18.0/nios2eds/bin/gnu/h-x86_64-mingw32/bin/../lib/gcc/nios2-elf/5.3.0/../../../../../H-x86_64-mingw32/nios2-elf/lib/mno-hw-mul\libc.a(lib_a-locale.o)
                0x000000001001a680                _localeconv_r
 .text.setlocale
                0x000000001001a68c       0x18 c:/intelfpga_lite/18.0/nios2eds/bin/gnu/h-x86_64-mingw32/bin/../lib/gcc/nios2-elf/5.3.0/../../../../../H-x86_64-mingw32/nios2-elf/lib/mno-hw-mul\libc.a(lib_a-locale.o)
                0x000000001001a68c                setlocale
 .text.localeconv
                0x000000001001a6a4        0xc c:/intelfpga_lite/18.0/nios2eds/bin/gnu/h-x86_64-mingw32/bin/../lib/gcc/nios2-elf/5.3.0/../../../../../H-x86_64-mingw32/nios2-elf/lib/mno-hw-mul\libc.a(lib_a-locale.o)
                0x000000001001a6a4                localeconv
 .text          0x000000001001a6b0        0x0 c:/intelfpga_lite/18.0/nios2eds/bin/gnu/h-x86_64-mingw32/bin/../lib/gcc/nios2-elf/5.3.0/../../../../../H-x86_64-mingw32/nios2-elf/lib/mno-hw-mul\libc.a(lib_a-makebuf.o)
 .text.__smakebuf_r
                0x000000001001a6b0      0x1bc c:/intelfpga_lite/18.0/nios2eds/bin/gnu/h-x86_64-mingw32/bin/../lib/gcc/nios2-elf/5.3.0/../../../../../H-x86_64-mingw32/nios2-elf/lib/mno-hw-mul\libc.a(lib_a-makebuf.o)
                0x000000001001a6b0                __smakebuf_r
 .text          0x000000001001a86c        0x0 c:/intelfpga_lite/18.0/nios2eds/bin/gnu/h-x86_64-mingw32/bin/../lib/gcc/nios2-elf/5.3.0/../../../../../H-x86_64-mingw32/nios2-elf/lib/mno-hw-mul\libc.a(lib_a-memchr.o)
 .text.memchr   0x000000001001a86c       0xe4 c:/intelfpga_lite/18.0/nios2eds/bin/gnu/h-x86_64-mingw32/bin/../lib/gcc/nios2-elf/5.3.0/../../../../../H-x86_64-mingw32/nios2-elf/lib/mno-hw-mul\libc.a(lib_a-memchr.o)
                0x000000001001a86c                memchr
 .text          0x000000001001a950        0x0 c:/intelfpga_lite/18.0/nios2eds/bin/gnu/h-x86_64-mingw32/bin/../lib/gcc/nios2-elf/5.3.0/../../../../../H-x86_64-mingw32/nios2-elf/lib/mno-hw-mul\libc.a(lib_a-memcpy.o)
 .text.memcpy   0x000000001001a950      0x148 c:/intelfpga_lite/18.0/nios2eds/bin/gnu/h-x86_64-mingw32/bin/../lib/gcc/nios2-elf/5.3.0/../../../../../H-x86_64-mingw32/nios2-elf/lib/mno-hw-mul\libc.a(lib_a-memcpy.o)
                0x000000001001a950                memcpy
 .text          0x000000001001aa98        0x0 c:/intelfpga_lite/18.0/nios2eds/bin/gnu/h-x86_64-mingw32/bin/../lib/gcc/nios2-elf/5.3.0/../../../../../H-x86_64-mingw32/nios2-elf/lib/mno-hw-mul\libc.a(lib_a-mprec.o)
 .text._Balloc  0x000000001001aa98       0xa8 c:/intelfpga_lite/18.0/nios2eds/bin/gnu/h-x86_64-mingw32/bin/../lib/gcc/nios2-elf/5.3.0/../../../../../H-x86_64-mingw32/nios2-elf/lib/mno-hw-mul\libc.a(lib_a-mprec.o)
                0x000000001001aa98                _Balloc
 .text._Bfree   0x000000001001ab40       0x28 c:/intelfpga_lite/18.0/nios2eds/bin/gnu/h-x86_64-mingw32/bin/../lib/gcc/nios2-elf/5.3.0/../../../../../H-x86_64-mingw32/nios2-elf/lib/mno-hw-mul\libc.a(lib_a-mprec.o)
                0x000000001001ab40                _Bfree
 .text.__multadd
                0x000000001001ab68      0x148 c:/intelfpga_lite/18.0/nios2eds/bin/gnu/h-x86_64-mingw32/bin/../lib/gcc/nios2-elf/5.3.0/../../../../../H-x86_64-mingw32/nios2-elf/lib/mno-hw-mul\libc.a(lib_a-mprec.o)
                0x000000001001ab68                __multadd
 .text.__s2b    0x000000001001acb0      0x104 c:/intelfpga_lite/18.0/nios2eds/bin/gnu/h-x86_64-mingw32/bin/../lib/gcc/nios2-elf/5.3.0/../../../../../H-x86_64-mingw32/nios2-elf/lib/mno-hw-mul\libc.a(lib_a-mprec.o)
                0x000000001001acb0                __s2b
 .text.__hi0bits
                0x000000001001adb4       0x68 c:/intelfpga_lite/18.0/nios2eds/bin/gnu/h-x86_64-mingw32/bin/../lib/gcc/nios2-elf/5.3.0/../../../../../H-x86_64-mingw32/nios2-elf/lib/mno-hw-mul\libc.a(lib_a-mprec.o)
                0x000000001001adb4                __hi0bits
 .text.__lo0bits
                0x000000001001ae1c       0xb0 c:/intelfpga_lite/18.0/nios2eds/bin/gnu/h-x86_64-mingw32/bin/../lib/gcc/nios2-elf/5.3.0/../../../../../H-x86_64-mingw32/nios2-elf/lib/mno-hw-mul\libc.a(lib_a-mprec.o)
                0x000000001001ae1c                __lo0bits
 .text.__i2b    0x000000001001aecc       0x3c c:/intelfpga_lite/18.0/nios2eds/bin/gnu/h-x86_64-mingw32/bin/../lib/gcc/nios2-elf/5.3.0/../../../../../H-x86_64-mingw32/nios2-elf/lib/mno-hw-mul\libc.a(lib_a-mprec.o)
                0x000000001001aecc                __i2b
 .text.__multiply
                0x000000001001af08      0x28c c:/intelfpga_lite/18.0/nios2eds/bin/gnu/h-x86_64-mingw32/bin/../lib/gcc/nios2-elf/5.3.0/../../../../../H-x86_64-mingw32/nios2-elf/lib/mno-hw-mul\libc.a(lib_a-mprec.o)
                0x000000001001af08                __multiply
 .text.__pow5mult
                0x000000001001b194      0x140 c:/intelfpga_lite/18.0/nios2eds/bin/gnu/h-x86_64-mingw32/bin/../lib/gcc/nios2-elf/5.3.0/../../../../../H-x86_64-mingw32/nios2-elf/lib/mno-hw-mul\libc.a(lib_a-mprec.o)
                0x000000001001b194                __pow5mult
 .text.__lshift
                0x000000001001b2d4      0x148 c:/intelfpga_lite/18.0/nios2eds/bin/gnu/h-x86_64-mingw32/bin/../lib/gcc/nios2-elf/5.3.0/../../../../../H-x86_64-mingw32/nios2-elf/lib/mno-hw-mul\libc.a(lib_a-mprec.o)
                0x000000001001b2d4                __lshift
 .text.__mcmp   0x000000001001b41c       0x60 c:/intelfpga_lite/18.0/nios2eds/bin/gnu/h-x86_64-mingw32/bin/../lib/gcc/nios2-elf/5.3.0/../../../../../H-x86_64-mingw32/nios2-elf/lib/mno-hw-mul\libc.a(lib_a-mprec.o)
                0x000000001001b41c                __mcmp
 .text.__mdiff  0x000000001001b47c      0x1fc c:/intelfpga_lite/18.0/nios2eds/bin/gnu/h-x86_64-mingw32/bin/../lib/gcc/nios2-elf/5.3.0/../../../../../H-x86_64-mingw32/nios2-elf/lib/mno-hw-mul\libc.a(lib_a-mprec.o)
                0x000000001001b47c                __mdiff
 .text.__ulp    0x000000001001b678       0x64 c:/intelfpga_lite/18.0/nios2eds/bin/gnu/h-x86_64-mingw32/bin/../lib/gcc/nios2-elf/5.3.0/../../../../../H-x86_64-mingw32/nios2-elf/lib/mno-hw-mul\libc.a(lib_a-mprec.o)
                0x000000001001b678                __ulp
 .text.__b2d    0x000000001001b6dc      0x10c c:/intelfpga_lite/18.0/nios2eds/bin/gnu/h-x86_64-mingw32/bin/../lib/gcc/nios2-elf/5.3.0/../../../../../H-x86_64-mingw32/nios2-elf/lib/mno-hw-mul\libc.a(lib_a-mprec.o)
                0x000000001001b6dc                __b2d
 .text.__d2b    0x000000001001b7e8      0x14c c:/intelfpga_lite/18.0/nios2eds/bin/gnu/h-x86_64-mingw32/bin/../lib/gcc/nios2-elf/5.3.0/../../../../../H-x86_64-mingw32/nios2-elf/lib/mno-hw-mul\libc.a(lib_a-mprec.o)
                0x000000001001b7e8                __d2b
 .text.__ratio  0x000000001001b934       0xa4 c:/intelfpga_lite/18.0/nios2eds/bin/gnu/h-x86_64-mingw32/bin/../lib/gcc/nios2-elf/5.3.0/../../../../../H-x86_64-mingw32/nios2-elf/lib/mno-hw-mul\libc.a(lib_a-mprec.o)
                0x000000001001b934                __ratio
 .text._mprec_log10
                0x000000001001b9d8       0x74 c:/intelfpga_lite/18.0/nios2eds/bin/gnu/h-x86_64-mingw32/bin/../lib/gcc/nios2-elf/5.3.0/../../../../../H-x86_64-mingw32/nios2-elf/lib/mno-hw-mul\libc.a(lib_a-mprec.o)
                0x000000001001b9d8                _mprec_log10
 .text.__copybits
                0x000000001001ba4c       0x78 c:/intelfpga_lite/18.0/nios2eds/bin/gnu/h-x86_64-mingw32/bin/../lib/gcc/nios2-elf/5.3.0/../../../../../H-x86_64-mingw32/nios2-elf/lib/mno-hw-mul\libc.a(lib_a-mprec.o)
                0x000000001001ba4c                __copybits
 .text.__any_on
                0x000000001001bac4       0x8c c:/intelfpga_lite/18.0/nios2eds/bin/gnu/h-x86_64-mingw32/bin/../lib/gcc/nios2-elf/5.3.0/../../../../../H-x86_64-mingw32/nios2-elf/lib/mno-hw-mul\libc.a(lib_a-mprec.o)
                0x000000001001bac4                __any_on
 .text          0x000000001001bb50        0x0 c:/intelfpga_lite/18.0/nios2eds/bin/gnu/h-x86_64-mingw32/bin/../lib/gcc/nios2-elf/5.3.0/../../../../../H-x86_64-mingw32/nios2-elf/lib/mno-hw-mul\libc.a(lib_a-s_fpclassify.o)
 .text.__fpclassifyd
                0x000000001001bb50       0x74 c:/intelfpga_lite/18.0/nios2eds/bin/gnu/h-x86_64-mingw32/bin/../lib/gcc/nios2-elf/5.3.0/../../../../../H-x86_64-mingw32/nios2-elf/lib/mno-hw-mul\libc.a(lib_a-s_fpclassify.o)
                0x000000001001bb50                __fpclassifyd
 .text          0x000000001001bbc4        0x0 c:/intelfpga_lite/18.0/nios2eds/bin/gnu/h-x86_64-mingw32/bin/../lib/gcc/nios2-elf/5.3.0/../../../../../H-x86_64-mingw32/nios2-elf/lib/mno-hw-mul\libc.a(lib_a-strcmp.o)
 .text.strcmp   0x000000001001bbc4       0xdc c:/intelfpga_lite/18.0/nios2eds/bin/gnu/h-x86_64-mingw32/bin/../lib/gcc/nios2-elf/5.3.0/../../../../../H-x86_64-mingw32/nios2-elf/lib/mno-hw-mul\libc.a(lib_a-strcmp.o)
                0x000000001001bbc4                strcmp
 .text          0x000000001001bca0        0x0 c:/intelfpga_lite/18.0/nios2eds/bin/gnu/h-x86_64-mingw32/bin/../lib/gcc/nios2-elf/5.3.0/../../../../../H-x86_64-mingw32/nios2-elf/lib/mno-hw-mul\libc.a(lib_a-strlen.o)
 .text.strlen   0x000000001001bca0       0x98 c:/intelfpga_lite/18.0/nios2eds/bin/gnu/h-x86_64-mingw32/bin/../lib/gcc/nios2-elf/5.3.0/../../../../../H-x86_64-mingw32/nios2-elf/lib/mno-hw-mul\libc.a(lib_a-strlen.o)
                0x000000001001bca0                strlen
 .text          0x000000001001bd38        0x0 c:/intelfpga_lite/18.0/nios2eds/bin/gnu/h-x86_64-mingw32/bin/../lib/gcc/nios2-elf/5.3.0/../../../../../H-x86_64-mingw32/nios2-elf/lib/mno-hw-mul\libc.a(lib_a-vfiprintf.o)
 .text.__sprint_r.part.0
                0x000000001001bd38       0xfc c:/intelfpga_lite/18.0/nios2eds/bin/gnu/h-x86_64-mingw32/bin/../lib/gcc/nios2-elf/5.3.0/../../../../../H-x86_64-mingw32/nios2-elf/lib/mno-hw-mul\libc.a(lib_a-vfiprintf.o)
 .text.__sprint_r
                0x000000001001be34       0x18 c:/intelfpga_lite/18.0/nios2eds/bin/gnu/h-x86_64-mingw32/bin/../lib/gcc/nios2-elf/5.3.0/../../../../../H-x86_64-mingw32/nios2-elf/lib/mno-hw-mul\libc.a(lib_a-vfiprintf.o)
                0x000000001001be34                __sprint_r
 .text.___vfiprintf_internal_r
                0x000000001001be4c     0x150c c:/intelfpga_lite/18.0/nios2eds/bin/gnu/h-x86_64-mingw32/bin/../lib/gcc/nios2-elf/5.3.0/../../../../../H-x86_64-mingw32/nios2-elf/lib/mno-hw-mul\libc.a(lib_a-vfiprintf.o)
                0x000000001001be4c                ___vfiprintf_internal_r
 .text.__vfiprintf_internal
                0x000000001001d358       0x1c c:/intelfpga_lite/18.0/nios2eds/bin/gnu/h-x86_64-mingw32/bin/../lib/gcc/nios2-elf/5.3.0/../../../../../H-x86_64-mingw32/nios2-elf/lib/mno-hw-mul\libc.a(lib_a-vfiprintf.o)
                0x000000001001d358                __vfiprintf_internal
 .text.__sbprintf
                0x000000001001d374       0xbc c:/intelfpga_lite/18.0/nios2eds/bin/gnu/h-x86_64-mingw32/bin/../lib/gcc/nios2-elf/5.3.0/../../../../../H-x86_64-mingw32/nios2-elf/lib/mno-hw-mul\libc.a(lib_a-vfiprintf.o)
 .text          0x000000001001d430        0x0 c:/intelfpga_lite/18.0/nios2eds/bin/gnu/h-x86_64-mingw32/bin/../lib/gcc/nios2-elf/5.3.0/../../../../../H-x86_64-mingw32/nios2-elf/lib/mno-hw-mul\libc.a(lib_a-callocr.o)
 .text._calloc_r
                0x000000001001d430       0xdc c:/intelfpga_lite/18.0/nios2eds/bin/gnu/h-x86_64-mingw32/bin/../lib/gcc/nios2-elf/5.3.0/../../../../../H-x86_64-mingw32/nios2-elf/lib/mno-hw-mul\libc.a(lib_a-callocr.o)
                0x000000001001d430                _calloc_r
 .text          0x000000001001d50c        0x0 c:/intelfpga_lite/18.0/nios2eds/bin/gnu/h-x86_64-mingw32/bin/../lib/gcc/nios2-elf/5.3.0/../../../../../H-x86_64-mingw32/nios2-elf/lib/mno-hw-mul\libc.a(lib_a-fputwc.o)
 .text.__fputwc
                0x000000001001d50c      0x164 c:/intelfpga_lite/18.0/nios2eds/bin/gnu/h-x86_64-mingw32/bin/../lib/gcc/nios2-elf/5.3.0/../../../../../H-x86_64-mingw32/nios2-elf/lib/mno-hw-mul\libc.a(lib_a-fputwc.o)
                0x000000001001d50c                __fputwc
 .text._fputwc_r
                0x000000001001d670       0x24 c:/intelfpga_lite/18.0/nios2eds/bin/gnu/h-x86_64-mingw32/bin/../lib/gcc/nios2-elf/5.3.0/../../../../../H-x86_64-mingw32/nios2-elf/lib/mno-hw-mul\libc.a(lib_a-fputwc.o)
                0x000000001001d670                _fputwc_r
 .text.fputwc   0x000000001001d694       0x80 c:/intelfpga_lite/18.0/nios2eds/bin/gnu/h-x86_64-mingw32/bin/../lib/gcc/nios2-elf/5.3.0/../../../../../H-x86_64-mingw32/nios2-elf/lib/mno-hw-mul\libc.a(lib_a-fputwc.o)
                0x000000001001d694                fputwc
 .text          0x000000001001d714        0x0 c:/intelfpga_lite/18.0/nios2eds/bin/gnu/h-x86_64-mingw32/bin/../lib/gcc/nios2-elf/5.3.0/../../../../../H-x86_64-mingw32/nios2-elf/lib/mno-hw-mul\libc.a(lib_a-fstatr.o)
 .text._fstat_r
                0x000000001001d714       0x5c c:/intelfpga_lite/18.0/nios2eds/bin/gnu/h-x86_64-mingw32/bin/../lib/gcc/nios2-elf/5.3.0/../../../../../H-x86_64-mingw32/nios2-elf/lib/mno-hw-mul\libc.a(lib_a-fstatr.o)
                0x000000001001d714                _fstat_r
 .text          0x000000001001d770        0x0 c:/intelfpga_lite/18.0/nios2eds/bin/gnu/h-x86_64-mingw32/bin/../lib/gcc/nios2-elf/5.3.0/../../../../../H-x86_64-mingw32/nios2-elf/lib/mno-hw-mul\libc.a(lib_a-fvwrite.o)
 .text.__sfvwrite_r
                0x000000001001d770      0x4c8 c:/intelfpga_lite/18.0/nios2eds/bin/gnu/h-x86_64-mingw32/bin/../lib/gcc/nios2-elf/5.3.0/../../../../../H-x86_64-mingw32/nios2-elf/lib/mno-hw-mul\libc.a(lib_a-fvwrite.o)
                0x000000001001d770                __sfvwrite_r
 .text          0x000000001001dc38        0x0 c:/intelfpga_lite/18.0/nios2eds/bin/gnu/h-x86_64-mingw32/bin/../lib/gcc/nios2-elf/5.3.0/../../../../../H-x86_64-mingw32/nios2-elf/lib/mno-hw-mul\libc.a(lib_a-isattyr.o)
 .text._isatty_r
                0x000000001001dc38       0x54 c:/intelfpga_lite/18.0/nios2eds/bin/gnu/h-x86_64-mingw32/bin/../lib/gcc/nios2-elf/5.3.0/../../../../../H-x86_64-mingw32/nios2-elf/lib/mno-hw-mul\libc.a(lib_a-isattyr.o)
                0x000000001001dc38                _isatty_r
 .text          0x000000001001dc8c        0x0 c:/intelfpga_lite/18.0/nios2eds/bin/gnu/h-x86_64-mingw32/bin/../lib/gcc/nios2-elf/5.3.0/../../../../../H-x86_64-mingw32/nios2-elf/lib/mno-hw-mul\libc.a(lib_a-memmove.o)
 .text.memmove  0x000000001001dc8c      0x15c c:/intelfpga_lite/18.0/nios2eds/bin/gnu/h-x86_64-mingw32/bin/../lib/gcc/nios2-elf/5.3.0/../../../../../H-x86_64-mingw32/nios2-elf/lib/mno-hw-mul\libc.a(lib_a-memmove.o)
                0x000000001001dc8c                memmove
 .text          0x000000001001dde8        0x0 c:/intelfpga_lite/18.0/nios2eds/bin/gnu/h-x86_64-mingw32/bin/../lib/gcc/nios2-elf/5.3.0/../../../../../H-x86_64-mingw32/nios2-elf/lib/mno-hw-mul\libc.a(lib_a-reallocr.o)
 .text._realloc_r
                0x000000001001dde8      0x564 c:/intelfpga_lite/18.0/nios2eds/bin/gnu/h-x86_64-mingw32/bin/../lib/gcc/nios2-elf/5.3.0/../../../../../H-x86_64-mingw32/nios2-elf/lib/mno-hw-mul\libc.a(lib_a-reallocr.o)
                0x000000001001dde8                _realloc_r
 .text          0x000000001001e34c        0x0 c:/intelfpga_lite/18.0/nios2eds/bin/gnu/h-x86_64-mingw32/bin/../lib/gcc/nios2-elf/5.3.0/../../../../../H-x86_64-mingw32/nios2-elf/lib/mno-hw-mul\libc.a(lib_a-wbuf.o)
 .text.__swbuf_r
                0x000000001001e34c      0x140 c:/intelfpga_lite/18.0/nios2eds/bin/gnu/h-x86_64-mingw32/bin/../lib/gcc/nios2-elf/5.3.0/../../../../../H-x86_64-mingw32/nios2-elf/lib/mno-hw-mul\libc.a(lib_a-wbuf.o)
                0x000000001001e34c                __swbuf_r
 .text.__swbuf  0x000000001001e48c       0x18 c:/intelfpga_lite/18.0/nios2eds/bin/gnu/h-x86_64-mingw32/bin/../lib/gcc/nios2-elf/5.3.0/../../../../../H-x86_64-mingw32/nios2-elf/lib/mno-hw-mul\libc.a(lib_a-wbuf.o)
                0x000000001001e48c                __swbuf
 .text          0x000000001001e4a4        0x0 c:/intelfpga_lite/18.0/nios2eds/bin/gnu/h-x86_64-mingw32/bin/../lib/gcc/nios2-elf/5.3.0/../../../../../H-x86_64-mingw32/nios2-elf/lib/mno-hw-mul\libc.a(lib_a-wcrtomb.o)
 .text._wcrtomb_r
                0x000000001001e4a4       0x9c c:/intelfpga_lite/18.0/nios2eds/bin/gnu/h-x86_64-mingw32/bin/../lib/gcc/nios2-elf/5.3.0/../../../../../H-x86_64-mingw32/nios2-elf/lib/mno-hw-mul\libc.a(lib_a-wcrtomb.o)
                0x000000001001e4a4                _wcrtomb_r
 .text.wcrtomb  0x000000001001e540       0xc0 c:/intelfpga_lite/18.0/nios2eds/bin/gnu/h-x86_64-mingw32/bin/../lib/gcc/nios2-elf/5.3.0/../../../../../H-x86_64-mingw32/nios2-elf/lib/mno-hw-mul\libc.a(lib_a-wcrtomb.o)
                0x000000001001e540                wcrtomb
 .text          0x000000001001e600        0x0 c:/intelfpga_lite/18.0/nios2eds/bin/gnu/h-x86_64-mingw32/bin/../lib/gcc/nios2-elf/5.3.0/../../../../../H-x86_64-mingw32/nios2-elf/lib/mno-hw-mul\libc.a(lib_a-wctomb_r.o)
 .text.__ascii_wctomb
                0x000000001001e600       0x30 c:/intelfpga_lite/18.0/nios2eds/bin/gnu/h-x86_64-mingw32/bin/../lib/gcc/nios2-elf/5.3.0/../../../../../H-x86_64-mingw32/nios2-elf/lib/mno-hw-mul\libc.a(lib_a-wctomb_r.o)
                0x000000001001e600                __ascii_wctomb
 .text._wctomb_r
                0x000000001001e630       0x5c c:/intelfpga_lite/18.0/nios2eds/bin/gnu/h-x86_64-mingw32/bin/../lib/gcc/nios2-elf/5.3.0/../../../../../H-x86_64-mingw32/nios2-elf/lib/mno-hw-mul\libc.a(lib_a-wctomb_r.o)
                0x000000001001e630                _wctomb_r
 .text          0x000000001001e68c      0x5fc c:/intelfpga_lite/18.0/nios2eds/bin/gnu/h-x86_64-mingw32/bin/../lib/gcc/nios2-elf/5.3.0/mno-hw-mul\libgcc.a(_udivdi3.o)
                0x000000001001e68c                __udivdi3
 .text          0x000000001001ec88      0x5c4 c:/intelfpga_lite/18.0/nios2eds/bin/gnu/h-x86_64-mingw32/bin/../lib/gcc/nios2-elf/5.3.0/mno-hw-mul\libgcc.a(_umoddi3.o)
                0x000000001001ec88                __umoddi3
 .text          0x000000001001f24c      0x1b4 c:/intelfpga_lite/18.0/nios2eds/bin/gnu/h-x86_64-mingw32/bin/../lib/gcc/nios2-elf/5.3.0/mno-hw-mul\libgcc.a(lib2-divmod.o)
                0x000000001001f24c                __divsi3
                0x000000001001f2d0                __modsi3
                0x000000001001f344                __udivsi3
                0x000000001001f3a8                __umodsi3
 .text          0x000000001001f400      0x8ac c:/intelfpga_lite/18.0/nios2eds/bin/gnu/h-x86_64-mingw32/bin/../lib/gcc/nios2-elf/5.3.0/mno-hw-mul\libgcc.a(adddf3.o)
                0x000000001001f400                __adddf3
 .text          0x000000001001fcac      0x9d0 c:/intelfpga_lite/18.0/nios2eds/bin/gnu/h-x86_64-mingw32/bin/../lib/gcc/nios2-elf/5.3.0/mno-hw-mul\libgcc.a(divdf3.o)
                0x000000001001fcac                __divdf3
 .text          0x000000001002067c       0x88 c:/intelfpga_lite/18.0/nios2eds/bin/gnu/h-x86_64-mingw32/bin/../lib/gcc/nios2-elf/5.3.0/mno-hw-mul\libgcc.a(eqdf2.o)
                0x000000001002067c                __nedf2
                0x000000001002067c                __eqdf2
 .text          0x0000000010020704       0xdc c:/intelfpga_lite/18.0/nios2eds/bin/gnu/h-x86_64-mingw32/bin/../lib/gcc/nios2-elf/5.3.0/mno-hw-mul\libgcc.a(gedf2.o)
                0x0000000010020704                __gedf2
                0x0000000010020704                __gtdf2
 .text          0x00000000100207e0       0xf4 c:/intelfpga_lite/18.0/nios2eds/bin/gnu/h-x86_64-mingw32/bin/../lib/gcc/nios2-elf/5.3.0/mno-hw-mul\libgcc.a(ledf2.o)
                0x00000000100207e0                __ledf2
                0x00000000100207e0                __ltdf2
 .text          0x00000000100208d4      0x86c c:/intelfpga_lite/18.0/nios2eds/bin/gnu/h-x86_64-mingw32/bin/../lib/gcc/nios2-elf/5.3.0/mno-hw-mul\libgcc.a(muldf3.o)
                0x00000000100208d4                __muldf3
 .text          0x0000000010021140      0x8fc c:/intelfpga_lite/18.0/nios2eds/bin/gnu/h-x86_64-mingw32/bin/../lib/gcc/nios2-elf/5.3.0/mno-hw-mul\libgcc.a(subdf3.o)
                0x0000000010021140                __subdf3
 .text          0x0000000010021a3c       0x80 c:/intelfpga_lite/18.0/nios2eds/bin/gnu/h-x86_64-mingw32/bin/../lib/gcc/nios2-elf/5.3.0/mno-hw-mul\libgcc.a(fixdfsi.o)
                0x0000000010021a3c                __fixdfsi
 .text          0x0000000010021abc       0xdc c:/intelfpga_lite/18.0/nios2eds/bin/gnu/h-x86_64-mingw32/bin/../lib/gcc/nios2-elf/5.3.0/mno-hw-mul\libgcc.a(floatsidf.o)
                0x0000000010021abc                __floatsidf
 .text          0x0000000010021b98       0xa8 c:/intelfpga_lite/18.0/nios2eds/bin/gnu/h-x86_64-mingw32/bin/../lib/gcc/nios2-elf/5.3.0/mno-hw-mul\libgcc.a(floatunsidf.o)
                0x0000000010021b98                __floatunsidf
 .text          0x0000000010021c40        0x0 c:/intelfpga_lite/18.0/nios2eds/bin/gnu/h-x86_64-mingw32/bin/../lib/gcc/nios2-elf/5.3.0/mno-hw-mul\libgcc.a(_clz.o)
 .text          0x0000000010021c40       0x64 c:/intelfpga_lite/18.0/nios2eds/bin/gnu/h-x86_64-mingw32/bin/../lib/gcc/nios2-elf/5.3.0/mno-hw-mul\libgcc.a(_clzsi2.o)
                0x0000000010021c40                __clzsi2
 .text          0x0000000010021ca4      0x158 ../ninja_bsp/\libhal_bsp.a(alt_busy_sleep.o)
                0x0000000010021ca4                alt_busy_sleep
 .text          0x0000000010021dfc      0x114 ../ninja_bsp/\libhal_bsp.a(alt_close.o)
                0x0000000010021e38                close
 .text          0x0000000010021f10       0x2c ../ninja_bsp/\libhal_bsp.a(alt_dev.o)
 .text          0x0000000010021f3c        0x0 ../ninja_bsp/\libhal_bsp.a(alt_errno.o)
 .text          0x0000000010021f3c       0xf4 ../ninja_bsp/\libhal_bsp.a(alt_fstat.o)
                0x0000000010021f78                fstat
 .text          0x0000000010022030       0xe8 ../ninja_bsp/\libhal_bsp.a(alt_isatty.o)
                0x000000001002206c                isatty
 .text          0x0000000010022118       0xec ../ninja_bsp/\libhal_bsp.a(alt_load.o)
                0x0000000010022180                alt_load
 .text          0x0000000010022204      0x118 ../ninja_bsp/\libhal_bsp.a(alt_lseek.o)
                0x0000000010022240                lseek
 .text          0x000000001002231c       0x7c ../ninja_bsp/\libhal_bsp.a(alt_main.o)
                0x000000001002231c                alt_main
 .text          0x0000000010022398       0x48 ../ninja_bsp/\libhal_bsp.a(alt_malloc_lock.o)
                0x0000000010022398                __malloc_lock
                0x00000000100223bc                __malloc_unlock
 .text          0x00000000100223e0      0x140 ../ninja_bsp/\libhal_bsp.a(alt_read.o)
                0x000000001002241c                read
 .text          0x0000000010022520       0x84 ../ninja_bsp/\libhal_bsp.a(alt_release_fd.o)
                0x0000000010022520                alt_release_fd
 .text          0x00000000100225a4       0xb0 ../ninja_bsp/\libhal_bsp.a(alt_sbrk.o)
                0x00000000100225a4                sbrk
 .text          0x0000000010022654      0x13c ../ninja_bsp/\libhal_bsp.a(alt_write.o)
                0x0000000010022690                write
 .text          0x0000000010022790       0xc4 ../ninja_bsp/\libhal_bsp.a(alt_sys_init.o)
                0x00000000100227c4                alt_irq_init
                0x00000000100227fc                alt_sys_init
 .text          0x0000000010022854     0x1c18 ../ninja_bsp/\libhal_bsp.a(altera_avalon_i2c.o)
                0x0000000010022964                alt_avalon_i2c_register_optional_irq_handler
                0x0000000010022a50                alt_avalon_i2c_register_callback
                0x0000000010022aa4                alt_avalon_i2c_init
                0x0000000010022b90                alt_avalon_i2c_open
                0x0000000010022bd0                alt_avalon_i2c_enable
                0x0000000010022c68                alt_avalon_i2c_disable
                0x0000000010022cb4                alt_avalon_i2c_master_config_get
                0x0000000010022d64                alt_avalon_i2c_master_config_set
                0x0000000010022e30                alt_avalon_i2c_master_config_speed_get
                0x0000000010022ec4                alt_avalon_i2c_master_config_speed_set
                0x0000000010022fc0                alt_avalon_i2c_is_busy
                0x0000000010023004                alt_avalon_i2c_rx_read_available
                0x00000000100230ac                alt_avalon_i2c_rx_read
                0x0000000010023154                alt_avalon_i2c_cmd_write
                0x0000000010023238                alt_avalon_i2c_send_address
                0x0000000010023328                alt_avalon_i2c_master_target_get
                0x0000000010023360                alt_avalon_i2c_master_target_set
                0x0000000010023394                alt_avalon_i2c_check_nack
                0x00000000100233e0                alt_avalon_i2c_check_arblost
                0x000000001002342c                alt_avalon_i2c_interrupt_transaction_status
                0x0000000010023568                alt_avalon_i2c_master_tx
                0x0000000010023650                alt_avalon_i2c_master_rx
                0x000000001002378c                alt_avalon_i2c_master_tx_rx
                0x0000000010023954                alt_avalon_i2c_master_transmit
                0x0000000010023b14                alt_avalon_i2c_master_transmit_using_interrupts
                0x0000000010023d20                alt_avalon_i2c_master_receive
                0x0000000010023f30                alt_avalon_i2c_master_receive_using_interrupts
                0x0000000010024120                alt_avalon_i2c_int_status_get
                0x0000000010024178                alt_avalon_i2c_int_raw_status_get
                0x00000000100241bc                alt_avalon_i2c_int_clear
                0x00000000100241f8                alt_avalon_i2c_int_disable
                0x0000000010024260                alt_avalon_i2c_int_enable
                0x00000000100242c4                alt_avalon_i2c_enabled_ints_get
                0x0000000010024308                alt_avalon_i2c_rx_fifo_threshold_get
                0x0000000010024354                alt_avalon_i2c_rx_fifo_threshold_set
                0x00000000100243b8                alt_avalon_i2c_tfr_cmd_fifo_threshold_get
                0x0000000010024404                alt_avalon_i2c_tfr_cmd_fifo_threshold_set
 .text          0x000000001002446c      0x164 ../ninja_bsp/\libhal_bsp.a(altera_avalon_jtag_uart_fd.o)
                0x000000001002446c                altera_avalon_jtag_uart_read_fd
                0x00000000100244cc                altera_avalon_jtag_uart_write_fd
                0x000000001002452c                altera_avalon_jtag_uart_close_fd
                0x000000001002457c                altera_avalon_jtag_uart_ioctl_fd
 .text          0x00000000100245d0      0x3d4 ../ninja_bsp/\libhal_bsp.a(altera_avalon_jtag_uart_init.o)
                0x00000000100245d0                altera_avalon_jtag_uart_init
                0x000000001002493c                altera_avalon_jtag_uart_close
 .text          0x00000000100249a4       0xf0 ../ninja_bsp/\libhal_bsp.a(altera_avalon_jtag_uart_ioctl.o)
                0x00000000100249a4                altera_avalon_jtag_uart_ioctl
 .text          0x0000000010024a94      0x21c ../ninja_bsp/\libhal_bsp.a(altera_avalon_jtag_uart_read.o)
                0x0000000010024a94                altera_avalon_jtag_uart_read
 .text          0x0000000010024cb0      0x224 ../ninja_bsp/\libhal_bsp.a(altera_avalon_jtag_uart_write.o)
                0x0000000010024cb0                altera_avalon_jtag_uart_write
 .text          0x0000000010024ed4      0x12c ../ninja_bsp/\libhal_bsp.a(alt_alarm_start.o)
                0x0000000010024ed4                alt_alarm_start
 .text          0x0000000010025000       0x20 ../ninja_bsp/\libhal_bsp.a(alt_dcache_flush_all.o)
                0x0000000010025000                alt_dcache_flush_all
 .text          0x0000000010025020       0xe0 ../ninja_bsp/\libhal_bsp.a(alt_dev_llist_insert.o)
                0x000000001002505c                alt_dev_llist_insert
 .text          0x0000000010025100       0x60 ../ninja_bsp/\libhal_bsp.a(alt_do_ctors.o)
                0x0000000010025100                _do_ctors
 .text          0x0000000010025160       0x60 ../ninja_bsp/\libhal_bsp.a(alt_do_dtors.o)
                0x0000000010025160                _do_dtors
 .text          0x00000000100251c0       0x90 ../ninja_bsp/\libhal_bsp.a(alt_find_dev.o)
                0x00000000100251c0                alt_find_dev
 .text          0x0000000010025250       0x20 ../ninja_bsp/\libhal_bsp.a(alt_icache_flush_all.o)
                0x0000000010025250                alt_icache_flush_all
 .text          0x0000000010025270      0x1b0 ../ninja_bsp/\libhal_bsp.a(alt_iic.o)
                0x0000000010025270                alt_ic_isr_register
                0x00000000100252c0                alt_ic_irq_enable
                0x0000000010025348                alt_ic_irq_disable
                0x00000000100253d4                alt_ic_irq_enabled
 .text          0x0000000010025420       0xf0 ../ninja_bsp/\libhal_bsp.a(alt_iic_isr_register.o)
                0x0000000010025420                alt_iic_isr_register
 .text          0x0000000010025510      0x160 ../ninja_bsp/\libhal_bsp.a(alt_io_redirect.o)
                0x00000000100255f4                alt_io_redirect
 .text          0x0000000010025670        0x0 ../ninja_bsp/\libhal_bsp.a(alt_irq_entry.o)
 .text          0x0000000010025670        0x0 ../ninja_bsp/\libhal_bsp.a(alt_irq_handler.o)
 .text          0x0000000010025670        0x0 ../ninja_bsp/\libhal_bsp.a(alt_irq_vars.o)
 .text          0x0000000010025670      0x284 ../ninja_bsp/\libhal_bsp.a(alt_open.o)
                0x0000000010025798                open
 .text          0x00000000100258f4      0x22c ../ninja_bsp/\libhal_bsp.a(alt_printf.o)
                0x00000000100258f4                alt_printf
 .text          0x0000000010025b20       0x3c ../ninja_bsp/\libhal_bsp.a(alt_putchar.o)
                0x0000000010025b20                alt_putchar
 .text          0x0000000010025b5c      0x1a4 ../ninja_bsp/\libhal_bsp.a(alt_tick.o)
                0x0000000010025b5c                alt_alarm_stop
                0x0000000010025bf8                alt_tick
 .text          0x0000000010025d00       0x24 ../ninja_bsp/\libhal_bsp.a(altera_nios2_gen2_irq.o)
                0x0000000010025d00                altera_nios2_gen2_irq_init
 .text          0x0000000010025d24        0x0 ../ninja_bsp/\libhal_bsp.a(alt_exception_entry.o)
 .text          0x0000000010025d24      0x108 ../ninja_bsp/\libhal_bsp.a(alt_find_file.o)
                0x0000000010025d24                alt_find_file
 .text          0x0000000010025e2c       0xc4 ../ninja_bsp/\libhal_bsp.a(alt_get_fd.o)
                0x0000000010025e2c                alt_get_fd
 .text          0x0000000010025ef0       0x9c ../ninja_bsp/\libhal_bsp.a(alt_instruction_exception_entry.o)
                0x0000000010025ef0                alt_exception_cause_generated_bad_addr
 .text          0x0000000010025f8c        0x0 c:/intelfpga_lite/18.0/nios2eds/bin/gnu/h-x86_64-mingw32/bin/../lib/gcc/nios2-elf/5.3.0/../../../../../H-x86_64-mingw32/nios2-elf/lib/mno-hw-mul\libc.a(lib_a-atexit.o)
 .text.atexit   0x0000000010025f8c       0x14 c:/intelfpga_lite/18.0/nios2eds/bin/gnu/h-x86_64-mingw32/bin/../lib/gcc/nios2-elf/5.3.0/../../../../../H-x86_64-mingw32/nios2-elf/lib/mno-hw-mul\libc.a(lib_a-atexit.o)
                0x0000000010025f8c                atexit
 .text          0x0000000010025fa0        0x0 c:/intelfpga_lite/18.0/nios2eds/bin/gnu/h-x86_64-mingw32/bin/../lib/gcc/nios2-elf/5.3.0/../../../../../H-x86_64-mingw32/nios2-elf/lib/mno-hw-mul\libc.a(lib_a-exit.o)
 .text.exit     0x0000000010025fa0       0x38 c:/intelfpga_lite/18.0/nios2eds/bin/gnu/h-x86_64-mingw32/bin/../lib/gcc/nios2-elf/5.3.0/../../../../../H-x86_64-mingw32/nios2-elf/lib/mno-hw-mul\libc.a(lib_a-exit.o)
                0x0000000010025fa0                exit
 .text          0x0000000010025fd8        0x0 c:/intelfpga_lite/18.0/nios2eds/bin/gnu/h-x86_64-mingw32/bin/../lib/gcc/nios2-elf/5.3.0/../../../../../H-x86_64-mingw32/nios2-elf/lib/mno-hw-mul\libc.a(lib_a-memcmp.o)
 .text.memcmp   0x0000000010025fd8       0x7c c:/intelfpga_lite/18.0/nios2eds/bin/gnu/h-x86_64-mingw32/bin/../lib/gcc/nios2-elf/5.3.0/../../../../../H-x86_64-mingw32/nios2-elf/lib/mno-hw-mul\libc.a(lib_a-memcmp.o)
                0x0000000010025fd8                memcmp
 .text          0x0000000010026054        0x0 c:/intelfpga_lite/18.0/nios2eds/bin/gnu/h-x86_64-mingw32/bin/../lib/gcc/nios2-elf/5.3.0/../../../../../H-x86_64-mingw32/nios2-elf/lib/mno-hw-mul\libc.a(lib_a-putc.o)
 .text._putc_r  0x0000000010026054       0xa0 c:/intelfpga_lite/18.0/nios2eds/bin/gnu/h-x86_64-mingw32/bin/../lib/gcc/nios2-elf/5.3.0/../../../../../H-x86_64-mingw32/nios2-elf/lib/mno-hw-mul\libc.a(lib_a-putc.o)
                0x0000000010026054                _putc_r
 .text.putc     0x00000000100260f4       0xc8 c:/intelfpga_lite/18.0/nios2eds/bin/gnu/h-x86_64-mingw32/bin/../lib/gcc/nios2-elf/5.3.0/../../../../../H-x86_64-mingw32/nios2-elf/lib/mno-hw-mul\libc.a(lib_a-putc.o)
                0x00000000100260f4                putc
 .text          0x00000000100261bc        0x0 c:/intelfpga_lite/18.0/nios2eds/bin/gnu/h-x86_64-mingw32/bin/../lib/gcc/nios2-elf/5.3.0/../../../../../H-x86_64-mingw32/nios2-elf/lib/mno-hw-mul\libc.a(lib_a-__atexit.o)
 .text.__register_exitproc
                0x00000000100261bc      0x118 c:/intelfpga_lite/18.0/nios2eds/bin/gnu/h-x86_64-mingw32/bin/../lib/gcc/nios2-elf/5.3.0/../../../../../H-x86_64-mingw32/nios2-elf/lib/mno-hw-mul\libc.a(lib_a-__atexit.o)
                0x00000000100261bc                __register_exitproc
 .text          0x00000000100262d4        0x0 c:/intelfpga_lite/18.0/nios2eds/bin/gnu/h-x86_64-mingw32/bin/../lib/gcc/nios2-elf/5.3.0/../../../../../H-x86_64-mingw32/nios2-elf/lib/mno-hw-mul\libc.a(lib_a-__call_atexit.o)
 .text.__call_exitprocs
                0x00000000100262d4      0x180 c:/intelfpga_lite/18.0/nios2eds/bin/gnu/h-x86_64-mingw32/bin/../lib/gcc/nios2-elf/5.3.0/../../../../../H-x86_64-mingw32/nios2-elf/lib/mno-hw-mul\libc.a(lib_a-__call_atexit.o)
                0x00000000100262d4                __call_exitprocs
 .text          0x0000000010026454       0x34 ../ninja_bsp/\libhal_bsp.a(alt_exit.o)
                0x0000000010026454                _exit
 *(.gnu.warning.*)
 *(.fini)
                [!provide]                        PROVIDE (__etext, ABSOLUTE (.))
                [!provide]                        PROVIDE (_etext, ABSOLUTE (.))
                [!provide]                        PROVIDE (etext, ABSOLUTE (.))
 *(.eh_frame_hdr)
                0x0000000010026488                . = ALIGN (0x4)
                [!provide]                        PROVIDE (__preinit_array_start, ABSOLUTE (.))
 *(.preinit_array)
                [!provide]                        PROVIDE (__preinit_array_end, ABSOLUTE (.))
                [!provide]                        PROVIDE (__init_array_start, ABSOLUTE (.))
 *(.init_array)
                [!provide]                        PROVIDE (__init_array_end, ABSOLUTE (.))
                [!provide]                        PROVIDE (__fini_array_start, ABSOLUTE (.))
 *(.fini_array)
                [!provide]                        PROVIDE (__fini_array_end, ABSOLUTE (.))
 *(.eh_frame)
 *(.gcc_except_table .gcc_except_table.*)
 *(.dynamic)
                0x0000000010026488                PROVIDE (__CTOR_LIST__, ABSOLUTE (.))
 *(.ctors)
 *(SORT(.ctors.*))
                0x0000000010026488                PROVIDE (__CTOR_END__, ABSOLUTE (.))
                0x0000000010026488                PROVIDE (__DTOR_LIST__, ABSOLUTE (.))
 *(.dtors)
 *(SORT(.dtors.*))
                0x0000000010026488                PROVIDE (__DTOR_END__, ABSOLUTE (.))
 *(.jcr)
                0x0000000010026488                . = ALIGN (0x4)

.rodata         0x0000000010026488     0x1a70
                0x0000000010026488                PROVIDE (__ram_rodata_start, ABSOLUTE (.))
                0x0000000010026488                . = ALIGN (0x4)
 *(.rodata .rodata.* .gnu.linkonce.r.*)
 .rodata        0x0000000010026488      0x71d obj/default/driver_ov2640.o
 *fill*         0x0000000010026ba5        0x3 
 .rodata        0x0000000010026ba8      0xf31 obj/default/driver_ov2640_basic.o
 *fill*         0x0000000010027ad9        0x3 
 .rodata        0x0000000010027adc       0xf4 obj/default/driver_ov2640_interface_template.o
 .rodata.str1.4
                0x0000000010027bd0        0x2 c:/intelfpga_lite/18.0/nios2eds/bin/gnu/h-x86_64-mingw32/bin/../lib/gcc/nios2-elf/5.3.0/../../../../../H-x86_64-mingw32/nios2-elf/lib/mno-hw-mul\libc.a(lib_a-impure.o)
 *fill*         0x0000000010027bd2        0x2 
 .rodata.str1.4
                0x0000000010027bd4       0x42 c:/intelfpga_lite/18.0/nios2eds/bin/gnu/h-x86_64-mingw32/bin/../lib/gcc/nios2-elf/5.3.0/../../../../../H-x86_64-mingw32/nios2-elf/lib/mno-hw-mul\libc.a(lib_a-vfprintf.o)
 .rodata.zeroes.4404
                0x0000000010027c16       0x10 c:/intelfpga_lite/18.0/nios2eds/bin/gnu/h-x86_64-mingw32/bin/../lib/gcc/nios2-elf/5.3.0/../../../../../H-x86_64-mingw32/nios2-elf/lib/mno-hw-mul\libc.a(lib_a-vfprintf.o)
 .rodata.blanks.4403
                0x0000000010027c26       0x10 c:/intelfpga_lite/18.0/nios2eds/bin/gnu/h-x86_64-mingw32/bin/../lib/gcc/nios2-elf/5.3.0/../../../../../H-x86_64-mingw32/nios2-elf/lib/mno-hw-mul\libc.a(lib_a-vfprintf.o)
 *fill*         0x0000000010027c36        0x2 
 .rodata.str1.4
                0x0000000010027c38       0x10 c:/intelfpga_lite/18.0/nios2eds/bin/gnu/h-x86_64-mingw32/bin/../lib/gcc/nios2-elf/5.3.0/../../../../../H-x86_64-mingw32/nios2-elf/lib/mno-hw-mul\libc.a(lib_a-dtoa.o)
                                         0x12 (size before relaxing)
 .rodata.str1.4
                0x0000000010027c48        0xc c:/intelfpga_lite/18.0/nios2eds/bin/gnu/h-x86_64-mingw32/bin/../lib/gcc/nios2-elf/5.3.0/../../../../../H-x86_64-mingw32/nios2-elf/lib/mno-hw-mul\libc.a(lib_a-locale.o)
                                         0x12 (size before relaxing)
 .rodata.p05.2768
                0x0000000010027c54        0xc c:/intelfpga_lite/18.0/nios2eds/bin/gnu/h-x86_64-mingw32/bin/../lib/gcc/nios2-elf/5.3.0/../../../../../H-x86_64-mingw32/nios2-elf/lib/mno-hw-mul\libc.a(lib_a-mprec.o)
 .rodata.__mprec_tinytens
                0x0000000010027c60       0x28 c:/intelfpga_lite/18.0/nios2eds/bin/gnu/h-x86_64-mingw32/bin/../lib/gcc/nios2-elf/5.3.0/../../../../../H-x86_64-mingw32/nios2-elf/lib/mno-hw-mul\libc.a(lib_a-mprec.o)
                0x0000000010027c60                __mprec_tinytens
 .rodata.__mprec_bigtens
                0x0000000010027c88       0x28 c:/intelfpga_lite/18.0/nios2eds/bin/gnu/h-x86_64-mingw32/bin/../lib/gcc/nios2-elf/5.3.0/../../../../../H-x86_64-mingw32/nios2-elf/lib/mno-hw-mul\libc.a(lib_a-mprec.o)
                0x0000000010027c88                __mprec_bigtens
 .rodata.__mprec_tens
                0x0000000010027cb0       0xc8 c:/intelfpga_lite/18.0/nios2eds/bin/gnu/h-x86_64-mingw32/bin/../lib/gcc/nios2-elf/5.3.0/../../../../../H-x86_64-mingw32/nios2-elf/lib/mno-hw-mul\libc.a(lib_a-mprec.o)
                0x0000000010027cb0                __mprec_tens
 .rodata.str1.4
                0x0000000010027d78       0x2f c:/intelfpga_lite/18.0/nios2eds/bin/gnu/h-x86_64-mingw32/bin/../lib/gcc/nios2-elf/5.3.0/../../../../../H-x86_64-mingw32/nios2-elf/lib/mno-hw-mul\libc.a(lib_a-vfiprintf.o)
 .rodata.zeroes.4349
                0x0000000010027d78       0x10 c:/intelfpga_lite/18.0/nios2eds/bin/gnu/h-x86_64-mingw32/bin/../lib/gcc/nios2-elf/5.3.0/../../../../../H-x86_64-mingw32/nios2-elf/lib/mno-hw-mul\libc.a(lib_a-vfiprintf.o)
 .rodata.blanks.4348
                0x0000000010027d88       0x10 c:/intelfpga_lite/18.0/nios2eds/bin/gnu/h-x86_64-mingw32/bin/../lib/gcc/nios2-elf/5.3.0/../../../../../H-x86_64-mingw32/nios2-elf/lib/mno-hw-mul\libc.a(lib_a-vfiprintf.o)
 .rodata        0x0000000010027d98      0x100 c:/intelfpga_lite/18.0/nios2eds/bin/gnu/h-x86_64-mingw32/bin/../lib/gcc/nios2-elf/5.3.0/mno-hw-mul\libgcc.a(_clz.o)
                0x0000000010027d98                __clz_tab
 .rodata        0x0000000010027e98        0xa ../ninja_bsp/\libhal_bsp.a(alt_dev.o)
 *fill*         0x0000000010027ea2        0x2 
 .rodata        0x0000000010027ea4       0x11 ../ninja_bsp/\libhal_bsp.a(alt_main.o)
 *fill*         0x0000000010027eb5        0x3 
 .rodata        0x0000000010027eb8       0x1d ../ninja_bsp/\libhal_bsp.a(alt_sys_init.o)
 *fill*         0x0000000010027ed5        0x3 
 .rodata        0x0000000010027ed8       0x1d ../ninja_bsp/\libhal_bsp.a(altera_avalon_i2c.o)
 *(.rodata1)
                0x0000000010027ef8                . = ALIGN (0x4)
 *fill*         0x0000000010027ef5        0x3 
                0x0000000010027ef8                PROVIDE (__ram_rodata_end, ABSOLUTE (.))
                0x0000000010026488                PROVIDE (__flash_rodata_start, LOADADDR (.rodata))

.rwdata         0x0000000010027ef8     0x1b34 load address 0x0000000010029a2c
                0x0000000010027ef8                PROVIDE (__ram_rwdata_start, ABSOLUTE (.))
                0x0000000010027ef8                . = ALIGN (0x4)
 *(.got.plt)
 *(.got)
 *(.data1)
 *(.data .data.* .gnu.linkonce.d.*)
 .data          0x0000000010027ef8        0x0 ../ninja_bsp//obj/HAL/src/crt0.o
 .data          0x0000000010027ef8        0x0 obj/default/driver_ov2640.o
 .data          0x0000000010027ef8        0x0 obj/default/driver_ov2640_basic.o
 .data          0x0000000010027ef8        0x0 obj/default/driver_ov2640_interface_template.o
 .data          0x0000000010027ef8        0x0 obj/default/main.o
 .data          0x0000000010027ef8        0x0 c:/intelfpga_lite/18.0/nios2eds/bin/gnu/h-x86_64-mingw32/bin/../lib/gcc/nios2-elf/5.3.0/mno-hw-mul\libgcc.a(_muldi3.o)
 .data          0x0000000010027ef8        0x0 c:/intelfpga_lite/18.0/nios2eds/bin/gnu/h-x86_64-mingw32/bin/../lib/gcc/nios2-elf/5.3.0/mno-hw-mul\libgcc.a(lib2-mul.o)
 .data          0x0000000010027ef8        0x0 c:/intelfpga_lite/18.0/nios2eds/bin/gnu/h-x86_64-mingw32/bin/../lib/gcc/nios2-elf/5.3.0/../../../../../H-x86_64-mingw32/nios2-elf/lib/mno-hw-mul\libc.a(lib_a-fflush.o)
 .data          0x0000000010027ef8        0x0 c:/intelfpga_lite/18.0/nios2eds/bin/gnu/h-x86_64-mingw32/bin/../lib/gcc/nios2-elf/5.3.0/../../../../../H-x86_64-mingw32/nios2-elf/lib/mno-hw-mul\libc.a(lib_a-findfp.o)
 .data          0x0000000010027ef8        0x0 c:/intelfpga_lite/18.0/nios2eds/bin/gnu/h-x86_64-mingw32/bin/../lib/gcc/nios2-elf/5.3.0/../../../../../H-x86_64-mingw32/nios2-elf/lib/mno-hw-mul\libc.a(lib_a-freer.o)
 .data          0x0000000010027ef8        0x0 c:/intelfpga_lite/18.0/nios2eds/bin/gnu/h-x86_64-mingw32/bin/../lib/gcc/nios2-elf/5.3.0/../../../../../H-x86_64-mingw32/nios2-elf/lib/mno-hw-mul\libc.a(lib_a-fwalk.o)
 .data          0x0000000010027ef8        0x0 c:/intelfpga_lite/18.0/nios2eds/bin/gnu/h-x86_64-mingw32/bin/../lib/gcc/nios2-elf/5.3.0/../../../../../H-x86_64-mingw32/nios2-elf/lib/mno-hw-mul\libc.a(lib_a-impure.o)
 .data.impure_data
                0x0000000010027ef8      0x424 c:/intelfpga_lite/18.0/nios2eds/bin/gnu/h-x86_64-mingw32/bin/../lib/gcc/nios2-elf/5.3.0/../../../../../H-x86_64-mingw32/nios2-elf/lib/mno-hw-mul\libc.a(lib_a-impure.o)
 .data          0x000000001002831c        0x0 c:/intelfpga_lite/18.0/nios2eds/bin/gnu/h-x86_64-mingw32/bin/../lib/gcc/nios2-elf/5.3.0/../../../../../H-x86_64-mingw32/nios2-elf/lib/mno-hw-mul\libc.a(lib_a-mallocr.o)
 .data.__malloc_av_
                0x000000001002831c      0x408 c:/intelfpga_lite/18.0/nios2eds/bin/gnu/h-x86_64-mingw32/bin/../lib/gcc/nios2-elf/5.3.0/../../../../../H-x86_64-mingw32/nios2-elf/lib/mno-hw-mul\libc.a(lib_a-mallocr.o)
                0x000000001002831c                __malloc_av_
 .data          0x0000000010028724        0x0 c:/intelfpga_lite/18.0/nios2eds/bin/gnu/h-x86_64-mingw32/bin/../lib/gcc/nios2-elf/5.3.0/../../../../../H-x86_64-mingw32/nios2-elf/lib/mno-hw-mul\libc.a(lib_a-memset.o)
 .data          0x0000000010028724        0x0 c:/intelfpga_lite/18.0/nios2eds/bin/gnu/h-x86_64-mingw32/bin/../lib/gcc/nios2-elf/5.3.0/../../../../../H-x86_64-mingw32/nios2-elf/lib/mno-hw-mul\libc.a(lib_a-sbrkr.o)
 .data          0x0000000010028724        0x0 c:/intelfpga_lite/18.0/nios2eds/bin/gnu/h-x86_64-mingw32/bin/../lib/gcc/nios2-elf/5.3.0/../../../../../H-x86_64-mingw32/nios2-elf/lib/mno-hw-mul\libc.a(lib_a-stdio.o)
 .data          0x0000000010028724        0x0 c:/intelfpga_lite/18.0/nios2eds/bin/gnu/h-x86_64-mingw32/bin/../lib/gcc/nios2-elf/5.3.0/../../../../../H-x86_64-mingw32/nios2-elf/lib/mno-hw-mul\libc.a(lib_a-strncpy.o)
 .data          0x0000000010028724        0x0 c:/intelfpga_lite/18.0/nios2eds/bin/gnu/h-x86_64-mingw32/bin/../lib/gcc/nios2-elf/5.3.0/../../../../../H-x86_64-mingw32/nios2-elf/lib/mno-hw-mul\libc.a(lib_a-vprintf.o)
 .data          0x0000000010028724        0x0 c:/intelfpga_lite/18.0/nios2eds/bin/gnu/h-x86_64-mingw32/bin/../lib/gcc/nios2-elf/5.3.0/../../../../../H-x86_64-mingw32/nios2-elf/lib/mno-hw-mul\libc.a(lib_a-writer.o)
 .data          0x0000000010028724        0x0 c:/intelfpga_lite/18.0/nios2eds/bin/gnu/h-x86_64-mingw32/bin/../lib/gcc/nios2-elf/5.3.0/../../../../../H-x86_64-mingw32/nios2-elf/lib/mno-hw-mul\libc.a(closer.o)
 .data          0x0000000010028724        0x0 c:/intelfpga_lite/18.0/nios2eds/bin/gnu/h-x86_64-mingw32/bin/../lib/gcc/nios2-elf/5.3.0/../../../../../H-x86_64-mingw32/nios2-elf/lib/mno-hw-mul\libc.a(lib_a-fclose.o)
 .data          0x0000000010028724        0x0 c:/intelfpga_lite/18.0/nios2eds/bin/gnu/h-x86_64-mingw32/bin/../lib/gcc/nios2-elf/5.3.0/../../../../../H-x86_64-mingw32/nios2-elf/lib/mno-hw-mul\libc.a(lib_a-int_errno.o)
 .data          0x0000000010028724        0x0 c:/intelfpga_lite/18.0/nios2eds/bin/gnu/h-x86_64-mingw32/bin/../lib/gcc/nios2-elf/5.3.0/../../../../../H-x86_64-mingw32/nios2-elf/lib/mno-hw-mul\libc.a(lib_a-lseekr.o)
 .data          0x0000000010028724        0x0 c:/intelfpga_lite/18.0/nios2eds/bin/gnu/h-x86_64-mingw32/bin/../lib/gcc/nios2-elf/5.3.0/../../../../../H-x86_64-mingw32/nios2-elf/lib/mno-hw-mul\libc.a(lib_a-readr.o)
 .data          0x0000000010028724        0x0 c:/intelfpga_lite/18.0/nios2eds/bin/gnu/h-x86_64-mingw32/bin/../lib/gcc/nios2-elf/5.3.0/../../../../../H-x86_64-mingw32/nios2-elf/lib/mno-hw-mul\libc.a(lib_a-vfprintfr_1.o)
 .data          0x0000000010028724        0x0 c:/intelfpga_lite/18.0/nios2eds/bin/gnu/h-x86_64-mingw32/bin/../lib/gcc/nios2-elf/5.3.0/../../../../../H-x86_64-mingw32/nios2-elf/lib/mno-hw-mul\libc.a(lib_a-vfprintf.o)
 .data          0x0000000010028724        0x0 c:/intelfpga_lite/18.0/nios2eds/bin/gnu/h-x86_64-mingw32/bin/../lib/gcc/nios2-elf/5.3.0/../../../../../H-x86_64-mingw32/nios2-elf/lib/mno-hw-mul\libc.a(lib_a-wsetup.o)
 .data          0x0000000010028724        0x0 c:/intelfpga_lite/18.0/nios2eds/bin/gnu/h-x86_64-mingw32/bin/../lib/gcc/nios2-elf/5.3.0/../../../../../H-x86_64-mingw32/nios2-elf/lib/mno-hw-mul\libc.a(lib_a-dtoa.o)
 .data          0x0000000010028724        0x0 c:/intelfpga_lite/18.0/nios2eds/bin/gnu/h-x86_64-mingw32/bin/../lib/gcc/nios2-elf/5.3.0/../../../../../H-x86_64-mingw32/nios2-elf/lib/mno-hw-mul\libc.a(lib_a-locale.o)
 .data.lc_message_charset
                0x0000000010028724       0x20 c:/intelfpga_lite/18.0/nios2eds/bin/gnu/h-x86_64-mingw32/bin/../lib/gcc/nios2-elf/5.3.0/../../../../../H-x86_64-mingw32/nios2-elf/lib/mno-hw-mul\libc.a(lib_a-locale.o)
 .data.lc_ctype_charset
                0x0000000010028744       0x20 c:/intelfpga_lite/18.0/nios2eds/bin/gnu/h-x86_64-mingw32/bin/../lib/gcc/nios2-elf/5.3.0/../../../../../H-x86_64-mingw32/nios2-elf/lib/mno-hw-mul\libc.a(lib_a-locale.o)
 .data.lconv    0x0000000010028764       0x38 c:/intelfpga_lite/18.0/nios2eds/bin/gnu/h-x86_64-mingw32/bin/../lib/gcc/nios2-elf/5.3.0/../../../../../H-x86_64-mingw32/nios2-elf/lib/mno-hw-mul\libc.a(lib_a-locale.o)
 .data          0x000000001002879c        0x0 c:/intelfpga_lite/18.0/nios2eds/bin/gnu/h-x86_64-mingw32/bin/../lib/gcc/nios2-elf/5.3.0/../../../../../H-x86_64-mingw32/nios2-elf/lib/mno-hw-mul\libc.a(lib_a-makebuf.o)
 .data          0x000000001002879c        0x0 c:/intelfpga_lite/18.0/nios2eds/bin/gnu/h-x86_64-mingw32/bin/../lib/gcc/nios2-elf/5.3.0/../../../../../H-x86_64-mingw32/nios2-elf/lib/mno-hw-mul\libc.a(lib_a-memchr.o)