Info: Starting: Create block symbol file (.bsf)
Info: qsys-generate D:\adolph\26SP\ECE385\lab\final_project\project\project_soc.qsys --block-symbol-file --output-directory=D:\adolph\26SP\ECE385\lab\final_project\project\project_soc --family="Cyclone IV E" --part=EP4CE115F29C7
Progress: Loading project/project_soc.qsys
Progress: Reading input file
Progress: Adding cam_ctrl_pio [altera_avalon_pio 18.1]
Progress: Parameterizing module cam_ctrl_pio
Progress: Adding clk_0 [clock_source 18.1]
Progress: Parameterizing module clk_0
Progress: Adding i2c_0 [altera_avalon_i2c 18.1]
Progress: Parameterizing module i2c_0
Progress: Adding jtag_uart_0 [altera_avalon_jtag_uart 18.1]
Progress: Parameterizing module jtag_uart_0
Progress: Adding nios2_gen2_0 [altera_nios2_gen2 18.1]
Progress: Parameterizing module nios2_gen2_0
Progress: Adding onchip_memory2_0 [altera_avalon_onchip_memory2 18.1]
Progress: Parameterizing module onchip_memory2_0
Progress: Adding sdram [altera_avalon_new_sdram_controller 18.1]
Progress: Parameterizing module sdram
Progress: Adding sdram_pll [altpll 18.1]
Progress: Parameterizing module sdram_pll
Progress: Adding sysid_qsys_0 [altera_avalon_sysid_qsys 18.1]
Progress: Parameterizing module sysid_qsys_0
Progress: Building connections
Progress: Parameterizing connections
Progress: Validating
Progress: Done reading input file
Info: project_soc.jtag_uart_0: JTAG UART IP input clock need to be at least double (2x) the operating frequency of JTAG TCK on board
Info: project_soc.sdram: SDRAM Controller will only be supported in Quartus Prime Standard Edition in the future release.
Info: project_soc.sysid_qsys_0: System ID is not assigned automatically. Edit the System ID parameter to provide a unique ID
Info: project_soc.sysid_qsys_0: Time stamp will be automatically updated when this component is generated.
Warning: project_soc.i2c_0: Interrupt sender i2c_0.interrupt_sender is not connected to an interrupt receiver
Info: qsys-generate succeeded.
Info: Finished: Create block symbol file (.bsf)
Info: 
Info: Starting: Create HDL design files for synthesis
Info: qsys-generate D:\adolph\26SP\ECE385\lab\final_project\project\project_soc.qsys --synthesis=VERILOG --output-directory=D:\adolph\26SP\ECE385\lab\final_project\project\project_soc\synthesis --family="Cyclone IV E" --part=EP4CE115F29C7
Progress: Loading project/project_soc.qsys
Progress: Reading input file
Progress: Adding cam_ctrl_pio [altera_avalon_pio 18.1]
Progress: Parameterizing module cam_ctrl_pio
Progress: Adding clk_0 [clock_source 18.1]
Progress: Parameterizing module clk_0
Progress: Adding i2c_0 [altera_avalon_i2c 18.1]
Progress: Parameterizing module i2c_0
Progress: Adding jtag_uart_0 [altera_avalon_jtag_uart 18.1]
Progress: Parameterizing module jtag_uart_0
Progress: Adding nios2_gen2_0 [altera_nios2_gen2 18.1]
Progress: Parameterizing module nios2_gen2_0
Progress: Adding onchip_memory2_0 [altera_avalon_onchip_memory2 18.1]
Progress: Parameterizing module onchip_memory2_0
Progress: Adding sdram [altera_avalon_new_sdram_controller 18.1]
Progress: Parameterizing module sdram
Progress: Adding sdram_pll [altpll 18.1]
Progress: Parameterizing module sdram_pll
Progress: Adding sysid_qsys_0 [altera_avalon_sysid_qsys 18.1]
Progress: Parameterizing module sysid_qsys_0
Progress: Building connections
Progress: Parameterizing connections
Progress: Validating
Progress: Done reading input file
Info: project_soc.jtag_uart_0: JTAG UART IP input clock need to be at least double (2x) the operating frequency of JTAG TCK on board
Info: project_soc.sdram: SDRAM Controller will only be supported in Quartus Prime Standard Edition in the future release.
Info: project_soc.sysid_qsys_0: System ID is not assigned automatically. Edit the System ID parameter to provide a unique ID
Info: project_soc.sysid_qsys_0: Time stamp will be automatically updated when this component is generated.
Warning: project_soc.i2c_0: Interrupt sender i2c_0.interrupt_sender is not connected to an interrupt receiver
Info: project_soc: Generating project_soc "project_soc" for QUARTUS_SYNTH
Info: Inserting clock-crossing logic between cmd_demux.src6 and cmd_mux_006.sink0
Info: Inserting clock-crossing logic between cmd_demux_001.src4 and cmd_mux_006.sink1
Info: Inserting clock-crossing logic between rsp_demux_006.src0 and rsp_mux.sink6
Info: Inserting clock-crossing logic between rsp_demux_006.src1 and rsp_mux_001.sink4
Info: cam_ctrl_pio: Starting RTL generation for module 'project_soc_cam_ctrl_pio'
Info: cam_ctrl_pio:   Generation command is [exec F:/quartus18_1/quartus/bin64/perl/bin/perl.exe -I F:/quartus18_1/quartus/bin64/perl/lib -I F:/quartus18_1/quartus/sopc_builder/bin/europa -I F:/quartus18_1/quartus/sopc_builder/bin/perl_lib -I F:/quartus18_1/quartus/sopc_builder/bin -I F:/quartus18_1/quartus/../ip/altera/sopc_builder_ip/common -I F:/quartus18_1/quartus/../ip/altera/sopc_builder_ip/altera_avalon_pio -- F:/quartus18_1/quartus/../ip/altera/sopc_builder_ip/altera_avalon_pio/generate_rtl.pl --name=project_soc_cam_ctrl_pio --dir=F:/tmp/alt0596_3884407489077431173.dir/0002_cam_ctrl_pio_gen/ --quartus_dir=F:/quartus18_1/quartus --verilog --config=F:/tmp/alt0596_3884407489077431173.dir/0002_cam_ctrl_pio_gen//project_soc_cam_ctrl_pio_component_configuration.pl  --do_build_sim=0  ]
Info: cam_ctrl_pio: Done RTL generation for module 'project_soc_cam_ctrl_pio'
Info: cam_ctrl_pio: "project_soc" instantiated altera_avalon_pio "cam_ctrl_pio"
Info: i2c_0: "project_soc" instantiated altera_avalon_i2c "i2c_0"
Info: jtag_uart_0: Starting RTL generation for module 'project_soc_jtag_uart_0'
Info: jtag_uart_0:   Generation command is [exec F:/quartus18_1/quartus/bin64/perl/bin/perl.exe -I F:/quartus18_1/quartus/bin64/perl/lib -I F:/quartus18_1/quartus/sopc_builder/bin/europa -I F:/quartus18_1/quartus/sopc_builder/bin/perl_lib -I F:/quartus18_1/quartus/sopc_builder/bin -I F:/quartus18_1/quartus/../ip/altera/sopc_builder_ip/common -I F:/quartus18_1/quartus/../ip/altera/sopc_builder_ip/altera_avalon_jtag_uart -- F:/quartus18_1/quartus/../ip/altera/sopc_builder_ip/altera_avalon_jtag_uart/generate_rtl.pl --name=project_soc_jtag_uart_0 --dir=F:/tmp/alt0596_3884407489077431173.dir/0004_jtag_uart_0_gen/ --quartus_dir=F:/quartus18_1/quartus --verilog --config=F:/tmp/alt0596_3884407489077431173.dir/0004_jtag_uart_0_gen//project_soc_jtag_uart_0_component_configuration.pl  --do_build_sim=0  ]
Info: jtag_uart_0: Done RTL generation for module 'project_soc_jtag_uart_0'
Info: jtag_uart_0: "project_soc" instantiated altera_avalon_jtag_uart "jtag_uart_0"
Info: nios2_gen2_0: "project_soc" instantiated altera_nios2_gen2 "nios2_gen2_0"
Info: onchip_memory2_0: Starting RTL generation for module 'project_soc_onchip_memory2_0'
Info: onchip_memory2_0:   Generation command is [exec F:/quartus18_1/quartus/bin64/perl/bin/perl.exe -I F:/quartus18_1/quartus/bin64/perl/lib -I F:/quartus18_1/quartus/sopc_builder/bin/europa -I F:/quartus18_1/quartus/sopc_builder/bin/perl_lib -I F:/quartus18_1/quartus/sopc_builder/bin -I F:/quartus18_1/quartus/../ip/altera/sopc_builder_ip/common -I F:/quartus18_1/quartus/../ip/altera/sopc_builder_ip/altera_avalon_onchip_memory2 -- F:/quartus18_1/quartus/../ip/altera/sopc_builder_ip/altera_avalon_onchip_memory2/generate_rtl.pl --name=project_soc_onchip_memory2_0 --dir=F:/tmp/alt0596_3884407489077431173.dir/0005_onchip_memory2_0_gen/ --quartus_dir=F:/quartus18_1/quartus --verilog --config=F:/tmp/alt0596_3884407489077431173.dir/0005_onchip_memory2_0_gen//project_soc_onchip_memory2_0_component_configuration.pl  --do_build_sim=0  ]
Info: onchip_memory2_0: Done RTL generation for module 'project_soc_onchip_memory2_0'
Info: onchip_memory2_0: "project_soc" instantiated altera_avalon_onchip_memory2 "onchip_memory2_0"
Info: sdram: Starting RTL generation for module 'project_soc_sdram'
Info: sdram:   Generation command is [exec F:/quartus18_1/quartus/bin64/perl/bin/perl.exe -I F:/quartus18_1/quartus/bin64/perl/lib -I F:/quartus18_1/quartus/sopc_builder/bin/europa -I F:/quartus18_1/quartus/sopc_builder/bin/perl_lib -I F:/quartus18_1/quartus/sopc_builder/bin -I F:/quartus18_1/quartus/../ip/altera/sopc_builder_ip/common -I F:/quartus18_1/quartus/../ip/altera/sopc_builder_ip/altera_avalon_new_sdram_controller -- F:/quartus18_1/quartus/../ip/altera/sopc_builder_ip/altera_avalon_new_sdram_controller/generate_rtl.pl --name=project_soc_sdram --dir=F:/tmp/alt0596_3884407489077431173.dir/0006_sdram_gen/ --quartus_dir=F:/quartus18_1/quartus --verilog --config=F:/tmp/alt0596_3884407489077431173.dir/0006_sdram_gen//project_soc_sdram_component_configuration.pl  --do_build_sim=0  ]
Info: sdram: Done RTL generation for module 'project_soc_sdram'
Info: sdram: "project_soc" instantiated altera_avalon_new_sdram_controller "sdram"
Info: sdram_pll: "project_soc" instantiated altpll "sdram_pll"
Info: sysid_qsys_0: "project_soc" instantiated altera_avalon_sysid_qsys "sysid_qsys_0"
Info: avalon_st_adapter: Inserting error_adapter: error_adapter_0
Info: avalon_st_adapter_001: Inserting error_adapter: error_adapter_0
Info: avalon_st_adapter_002: Inserting error_adapter: error_adapter_0
Info: avalon_st_adapter_003: Inserting error_adapter: error_adapter_0
Info: avalon_st_adapter_004: Inserting error_adapter: error_adapter_0
Info: avalon_st_adapter_005: Inserting error_adapter: error_adapter_0
Info: avalon_st_adapter_006: Inserting error_adapter: error_adapter_0
Info: avalon_st_adapter_007: Inserting error_adapter: error_adapter_0
Info: mm_interconnect_0: "project_soc" instantiated altera_mm_interconnect "mm_interconnect_0"
Info: irq_mapper: "project_soc" instantiated altera_irq_mapper "irq_mapper"
Info: rst_controller: "project_soc" instantiated altera_reset_controller "rst_controller"
Info: cpu: Starting RTL generation for module 'project_soc_nios2_gen2_0_cpu'
Info: cpu:   Generation command is [exec F:/Quartus18_1/quartus/bin64//eperlcmd.exe -I F:/Quartus18_1/quartus/bin64//perl/lib -I F:/quartus18_1/quartus/sopc_builder/bin/europa -I F:/quartus18_1/quartus/sopc_builder/bin/perl_lib -I F:/quartus18_1/quartus/sopc_builder/bin -I F:/quartus18_1/quartus/../ip/altera/nios2_ip/altera_nios2_gen2/cpu_lib -I F:/quartus18_1/quartus/../ip/altera/nios2_ip/altera_nios2_gen2/nios_lib -I F:/quartus18_1/quartus/../ip/altera/nios2_ip/altera_nios2_gen2 -I F:/quartus18_1/quartus/../ip/altera/nios2_ip/altera_nios2_gen2 -- F:/quartus18_1/quartus/../ip/altera/nios2_ip/altera_nios2_gen2/generate_rtl.epl --name=project_soc_nios2_gen2_0_cpu --dir=F:/tmp/alt0596_3884407489077431173.dir/0012_cpu_gen/ --quartus_bindir=F:/Quartus18_1/quartus/bin64/ --verilog --config=F:/tmp/alt0596_3884407489077431173.dir/0012_cpu_gen//project_soc_nios2_gen2_0_cpu_processor_configuration.pl  --do_build_sim=0  ]
Info: cpu: # 2026.05.23 17:02:26 (*) Starting Nios II generation
Info: cpu: # 2026.05.23 17:02:26 (*)   Checking for plaintext license.
Info: cpu: # 2026.05.23 17:02:26 (*)   Couldn't query license setup in Quartus directory F:/Quartus18_1/quartus/bin64/
Info: cpu: # 2026.05.23 17:02:26 (*)   Defaulting to contents of LM_LICENSE_FILE environment variable
Info: cpu: # 2026.05.23 17:02:26 (*)   LM_LICENSE_FILE environment variable is empty
Info: cpu: # 2026.05.23 17:02:26 (*)   Plaintext license not found.
Info: cpu: # 2026.05.23 17:02:26 (*)   No license required to generate encrypted Nios II/e.
Info: cpu: # 2026.05.23 17:02:26 (*)   Elaborating CPU configuration settings
Info: cpu: # 2026.05.23 17:02:26 (*)   Creating all objects for CPU
Info: cpu: # 2026.05.23 17:02:27 (*)   Generating RTL from CPU objects
Info: cpu: # 2026.05.23 17:02:27 (*)   Creating plain-text RTL
Info: cpu: # 2026.05.23 17:02:27 (*) Done Nios II generation
Info: cpu: Done RTL generation for module 'project_soc_nios2_gen2_0_cpu'
Info: cpu: "nios2_gen2_0" instantiated altera_nios2_gen2_unit "cpu"
Info: nios2_gen2_0_data_master_translator: "mm_interconnect_0" instantiated altera_merlin_master_translator "nios2_gen2_0_data_master_translator"
Info: jtag_uart_0_avalon_jtag_slave_translator: "mm_interconnect_0" instantiated altera_merlin_slave_translator "jtag_uart_0_avalon_jtag_slave_translator"
Info: nios2_gen2_0_data_master_agent: "mm_interconnect_0" instantiated altera_merlin_master_agent "nios2_gen2_0_data_master_agent"
Info: jtag_uart_0_avalon_jtag_slave_agent: "mm_interconnect_0" instantiated altera_merlin_slave_agent "jtag_uart_0_avalon_jtag_slave_agent"
Info: jtag_uart_0_avalon_jtag_slave_agent_rsp_fifo: "mm_interconnect_0" instantiated altera_avalon_sc_fifo "jtag_uart_0_avalon_jtag_slave_agent_rsp_fifo"
Info: router: "mm_interconnect_0" instantiated altera_merlin_router "router"
Info: router_001: "mm_interconnect_0" instantiated altera_merlin_router "router_001"
Info: router_002: "mm_interconnect_0" instantiated altera_merlin_router "router_002"
Info: router_003: "mm_interconnect_0" instantiated altera_merlin_router "router_003"
Info: cmd_demux: "mm_interconnect_0" instantiated altera_merlin_demultiplexer "cmd_demux"
Info: cmd_demux_001: "mm_interconnect_0" instantiated altera_merlin_demultiplexer "cmd_demux_001"
Info: cmd_mux: "mm_interconnect_0" instantiated altera_merlin_multiplexer "cmd_mux"
Info: cmd_mux_001: "mm_interconnect_0" instantiated altera_merlin_multiplexer "cmd_mux_001"
Info: Reusing file D:/adolph/26SP/ECE385/lab/final_project/project/project_soc/synthesis/submodules/altera_merlin_arbitrator.sv
Info: rsp_demux: "mm_interconnect_0" instantiated altera_merlin_demultiplexer "rsp_demux"
Info: rsp_demux_001: "mm_interconnect_0" instantiated altera_merlin_demultiplexer "rsp_demux_001"
Info: rsp_mux: "mm_interconnect_0" instantiated altera_merlin_multiplexer "rsp_mux"
Info: Reusing file D:/adolph/26SP/ECE385/lab/final_project/project/project_soc/synthesis/submodules/altera_merlin_arbitrator.sv
Info: rsp_mux_001: "mm_interconnect_0" instantiated altera_merlin_multiplexer "rsp_mux_001"
Info: Reusing file D:/adolph/26SP/ECE385/lab/final_project/project/project_soc/synthesis/submodules/altera_merlin_arbitrator.sv
Info: crosser: "mm_interconnect_0" instantiated altera_avalon_st_handshake_clock_crosser "crosser"
Info: avalon_st_adapter: "mm_interconnect_0" instantiated altera_avalon_st_adapter "avalon_st_adapter"
Info: error_adapter_0: "avalon_st_adapter" instantiated error_adapter "error_adapter_0"
Info: project_soc: Done "project_soc" with 33 modules, 60 files
Info: qsys-generate succeeded.
Info: Finished: Create HDL design files for synthesis
