Flow report for final
Wed May 27 16:36:26 2026
Quartus Prime Version 18.0.0 Build 614 04/24/2018 SJ Lite Edition


---------------------
; Table of Contents ;
---------------------
  1. Legal Notice
  2. Flow Summary
  3. Flow Settings
  4. Flow Non-Default Global Settings
  5. Flow Elapsed Time
  6. Flow OS Summary
  7. Flow Log
  8. Flow Messages
  9. Flow Suppressed Messages



----------------
; Legal Notice ;
----------------
Copyright (C) 2018  Intel Corporation. All rights reserved.
Your use of Intel Corporation's design tools, logic functions 
and other software and tools, and its AMPP partner logic 
functions, and any output files from any of the foregoing 
(including device programming or simulation files), and any 
associated documentation or information are expressly subject 
to the terms and conditions of the Intel Program License 
Subscription Agreement, the Intel Quartus Prime License Agreement,
the Intel FPGA IP License Agreement, or other applicable license
agreement, including, without limitation, that your use is for
the sole purpose of programming logic devices manufactured by
Intel and sold by Intel or its authorized distributors.  Please
refer to the applicable agreement for further details.



+----------------------------------------------------------------------------------+
; Flow Summary                                                                     ;
+------------------------------------+---------------------------------------------+
; Flow Status                        ; Successful - Wed May 27 16:36:26 2026       ;
; Quartus Prime Version              ; 18.0.0 Build 614 04/24/2018 SJ Lite Edition ;
; Revision Name                      ; final                                       ;
; Top-level Entity Name              ; final_top                                   ;
; Family                             ; Cyclone IV E                                ;
; Device                             ; EP4CE115F29C7                               ;
; Timing Models                      ; Final                                       ;
; Total logic elements               ; 26,650 / 114,480 ( 23 % )                   ;
;     Total combinational functions  ; 20,337 / 114,480 ( 18 % )                   ;
;     Dedicated logic registers      ; 14,395 / 114,480 ( 13 % )                   ;
; Total registers                    ; 14514                                       ;
; Total pins                         ; 147 / 529 ( 28 % )                          ;
; Total virtual pins                 ; 0                                           ;
; Total memory bits                  ; 1,246,736 / 3,981,312 ( 31 % )              ;
; Embedded Multiplier 9-bit elements ; 12 / 532 ( 2 % )                            ;
; Total PLLs                         ; 1 / 4 ( 25 % )                              ;
+------------------------------------+---------------------------------------------+


+-----------------------------------------+
; Flow Settings                           ;
+-------------------+---------------------+
; Option            ; Setting             ;
+-------------------+---------------------+
; Start date & time ; 05/27/2026 16:33:37 ;
; Main task         ; Compilation         ;
; Revision Name     ; final               ;
+-------------------+---------------------+


+----------------------------------------------------------------------------------------------------------------------------------------------------+
; Flow Non-Default Global Settings                                                                                                                   ;
+-------------------------------------+---------------------------------------------------------------+---------------+-------------+----------------+
; Assignment Name                     ; Value                                                         ; Default Value ; Entity Name ; Section Id     ;
+-------------------------------------+---------------------------------------------------------------+---------------+-------------+----------------+
; COMPILER_SIGNATURE_ID               ; 24062491136.177987081639956                                   ; --            ; --          ; --             ;
; EDA_OUTPUT_DATA_FORMAT              ; Systemverilog Hdl                                             ; --            ; --          ; eda_simulation ;
; EDA_SIMULATION_TOOL                 ; ModelSim (SystemVerilog)                                      ; <None>        ; --          ; --             ;
; EDA_TIME_SCALE                      ; 1 ps                                                          ; --            ; --          ; eda_simulation ;
; ENABLE_SIGNALTAP                    ; Off                                                           ; --            ; --          ; --             ;
; MAX_CORE_JUNCTION_TEMP              ; 85                                                            ; --            ; --          ; --             ;
; MIN_CORE_JUNCTION_TEMP              ; 0                                                             ; --            ; --          ; --             ;
; MISC_FILE                           ; project_soc/synthesis/../project_soc.cmp                      ; --            ; --          ; --             ;
; MISC_FILE                           ; project_soc/synthesis/../../project_soc.qsys                  ; --            ; --          ; --             ;
; NOMINAL_CORE_SUPPLY_VOLTAGE         ; 1.2V                                                          ; --            ; --          ; --             ;
; NUM_PARALLEL_PROCESSORS             ; All                                                           ; --            ; --          ; --             ;
; PARTITION_COLOR                     ; -- (Not supported for targeted family)                        ; --            ; final_top   ; Top            ;
; PARTITION_FITTER_PRESERVATION_LEVEL ; -- (Not supported for targeted family)                        ; --            ; final_top   ; Top            ;
; PARTITION_NETLIST_TYPE              ; -- (Not supported for targeted family)                        ; --            ; final_top   ; Top            ;
; POWER_BOARD_THERMAL_MODEL           ; None (CONSERVATIVE)                                           ; --            ; --          ; --             ;
; POWER_PRESET_COOLING_SOLUTION       ; 23 MM HEAT SINK WITH 200 LFPM AIRFLOW                         ; --            ; --          ; --             ;
; PROJECT_OUTPUT_DIRECTORY            ; output_files                                                  ; --            ; --          ; --             ;
; SLD_FILE                            ; project_soc/synthesis/project_soc.regmap                      ; --            ; --          ; --             ;
; SLD_FILE                            ; project_soc/synthesis/project_soc.debuginfo                   ; --            ; --          ; --             ;
; SLD_INFO                            ; QSYS_NAME project_soc HAS_SOPCINFO 1 GENERATION_ID 1779634744 ; --            ; project_soc ; --             ;
; SOPCINFO_FILE                       ; project_soc/synthesis/../../project_soc.sopcinfo              ; --            ; --          ; --             ;
; SYNTHESIS_ONLY_QIP                  ; On                                                            ; --            ; --          ; --             ;
; TOP_LEVEL_ENTITY                    ; final_top                                                     ; final         ; --          ; --             ;
+-------------------------------------+---------------------------------------------------------------+---------------+-------------+----------------+


+--------------------------------------------------------------------------------------------------------------------------+
; Flow Elapsed Time                                                                                                        ;
+----------------------+--------------+-------------------------+---------------------+------------------------------------+
; Module Name          ; Elapsed Time ; Average Processors Used ; Peak Virtual Memory ; Total CPU Time (on all processors) ;
+----------------------+--------------+-------------------------+---------------------+------------------------------------+
; Analysis & Synthesis ; 00:01:10     ; 1.0                     ; 5167 MB             ; 00:01:24                           ;
; Fitter               ; 00:00:58     ; 1.2                     ; 6875 MB             ; 00:02:43                           ;
; Assembler            ; 00:00:04     ; 1.0                     ; 4791 MB             ; 00:00:04                           ;
; Timing Analyzer      ; 00:00:06     ; 2.0                     ; 5200 MB             ; 00:00:10                           ;
; EDA Netlist Writer   ; 00:00:16     ; 1.0                     ; 4915 MB             ; 00:00:15                           ;
; Total                ; 00:02:34     ; --                      ; --                  ; 00:04:36                           ;
+----------------------+--------------+-------------------------+---------------------+------------------------------------+


+------------------------------------------------------------------------------------+
; Flow OS Summary                                                                    ;
+----------------------+------------------+------------+------------+----------------+
; Module Name          ; Machine Hostname ; OS Name    ; OS Version ; Processor type ;
+----------------------+------------------+------------+------------+----------------+
; Analysis & Synthesis ; DESKTOP-E4CSHBR  ; Windows 10 ; 10.0       ; x86_64         ;
; Fitter               ; DESKTOP-E4CSHBR  ; Windows 10 ; 10.0       ; x86_64         ;
; Assembler            ; DESKTOP-E4CSHBR  ; Windows 10 ; 10.0       ; x86_64         ;
; Timing Analyzer      ; DESKTOP-E4CSHBR  ; Windows 10 ; 10.0       ; x86_64         ;
; EDA Netlist Writer   ; DESKTOP-E4CSHBR  ; Windows 10 ; 10.0       ; x86_64         ;
+----------------------+------------------+------------+------------+----------------+


------------
; Flow Log ;
------------
quartus_map --read_settings_files=on --write_settings_files=off final -c final
quartus_fit --read_settings_files=off --write_settings_files=off final -c final
quartus_asm --read_settings_files=off --write_settings_files=off final -c final
quartus_sta final -c final
quartus_eda --read_settings_files=off --write_settings_files=off final -c final



